Apr 28 00:05:07 localhost rsyslogd: [origin software="rsyslogd" swVersion="7.4.7" x-pid="556" x-info="http://www.rsyslog.com"] start
Apr 28 00:05:07 localhost rsyslogd-2307: warning: ~ action is deprecated, consider using the 'stop' statement instead [try http://www.rsyslog.com/e/2307 ]
Apr 28 00:04:51 localhost journal: Runtime journal is using 6.1M (max allowed 49.5M, trying to leave 74.3M free of 489.6M available → current limit 49.5M).
Apr 28 00:04:51 localhost journal: Runtime journal is using 6.1M (max allowed 49.5M, trying to leave 74.3M free of 489.6M available → current limit 49.5M).
Apr 28 00:04:51 localhost kernel: Initializing cgroup subsys cpuset
Apr 28 00:04:51 localhost kernel: Initializing cgroup subsys cpu
Apr 28 00:04:51 localhost kernel: Initializing cgroup subsys cpuacct
Apr 28 00:04:51 localhost kernel: Linux version 3.10.0-327.10.1.el7.x86_64 (builder@kbuilder.dev.centos.org) (gcc version 4.8.3 20140911 (Red Hat 4.8.3-9) (GCC) ) #1 SMP Tue Feb 16 17:03:50 UTC 2016
Apr 28 00:04:51 localhost kernel: Command line: BOOT_IMAGE=/boot/vmlinuz-3.10.0-327.10.1.el7.x86_64 root=UUID=ef6ba050-6cdc-416a-9380-c14304d0d206 ro console=tty0 console=ttyS0,115200n8 crashkernel=auto console=ttyS0,115200 LANG=en_US.UTF-8
Apr 28 00:04:51 localhost kernel: e820: BIOS-provided physical RAM map:
Apr 28 00:04:51 localhost kernel: BIOS-e820: [mem 0x0000000000000000-0x000000000009dfff] usable
Apr 28 00:04:51 localhost kernel: BIOS-e820: [mem 0x000000000009e000-0x000000000009ffff] reserved
Apr 28 00:04:51 localhost kernel: BIOS-e820: [mem 0x00000000000e0000-0x00000000000fffff] reserved
Apr 28 00:04:51 localhost kernel: BIOS-e820: [mem 0x0000000000100000-0x000000003fffffff] usable
Apr 28 00:04:51 localhost kernel: BIOS-e820: [mem 0x00000000fc000000-0x00000000ffffffff] reserved
Apr 28 00:04:51 localhost kernel: NX (Execute Disable) protection: active
Apr 28 00:04:51 localhost kernel: SMBIOS 2.4 present.
Apr 28 00:04:51 localhost kernel: Hypervisor detected: Xen HVM
Apr 28 00:04:51 localhost kernel: Xen version 4.2.
Apr 28 00:04:51 localhost kernel: Netfront and the Xen platform PCI driver have been compiled for this kernel: unplug emulated NICs.
Apr 28 00:04:51 localhost kernel: Blkfront and the Xen platform PCI driver have been compiled for this kernel: unplug emulated disks.#012You might have to change the root device#012from /dev/hd[a-d] to /dev/xvd[a-d]#012in your root= kernel command line option
Apr 28 00:04:51 localhost kernel: AGP: No AGP bridge found
Apr 28 00:04:51 localhost kernel: e820: last_pfn = 0x40000 max_arch_pfn = 0x400000000
Apr 28 00:04:51 localhost kernel: x86 PAT enabled: cpu 0, old 0x7040600070406, new 0x7010600070106
Apr 28 00:04:51 localhost kernel: found SMP MP-table at [mem 0x000fbba0-0x000fbbaf] mapped at [ffff8800000fbba0]
Apr 28 00:04:51 localhost kernel: init_memory_mapping: [mem 0x00000000-0x000fffff]
Apr 28 00:04:51 localhost kernel: init_memory_mapping: [mem 0x3fe00000-0x3fffffff]
Apr 28 00:04:51 localhost kernel: init_memory_mapping: [mem 0x3c000000-0x3fdfffff]
Apr 28 00:04:51 localhost kernel: init_memory_mapping: [mem 0x00100000-0x3bffffff]
Apr 28 00:04:51 localhost kernel: RAMDISK: [mem 0x33a82000-0x35d38fff]
Apr 28 00:04:51 localhost kernel: ACPI: RSDP 00000000000ea020 00024 (v02    Xen)
Apr 28 00:04:51 localhost kernel: ACPI: XSDT 00000000fc00f5a0 00054 (v01    Xen      HVM 00000000 HVML 00000000)
Apr 28 00:04:51 localhost kernel: ACPI: FACP 00000000fc00f260 000F4 (v04    Xen      HVM 00000000 HVML 00000000)
Apr 28 00:04:51 localhost kernel: ACPI: DSDT 00000000fc0035e0 0BBF6 (v02    Xen      HVM 00000000 INTL 20090123)
Apr 28 00:04:51 localhost kernel: ACPI: FACS 00000000fc0035a0 00040
Apr 28 00:04:51 localhost kernel: ACPI: APIC 00000000fc00f360 000D8 (v02    Xen      HVM 00000000 HVML 00000000)
Apr 28 00:04:51 localhost kernel: ACPI: HPET 00000000fc00f4b0 00038 (v01    Xen      HVM 00000000 HVML 00000000)
Apr 28 00:04:51 localhost kernel: ACPI: WAET 00000000fc00f4f0 00028 (v01    Xen      HVM 00000000 HVML 00000000)
Apr 28 00:04:51 localhost kernel: ACPI: SSDT 00000000fc00f520 00031 (v02    Xen      HVM 00000000 INTL 20090123)
Apr 28 00:04:51 localhost kernel: ACPI: SSDT 00000000fc00f560 00031 (v02    Xen      HVM 00000000 INTL 20090123)
Apr 28 00:04:51 localhost kernel: No NUMA configuration found
Apr 28 00:04:51 localhost kernel: Faking a node at [mem 0x0000000000000000-0x000000003fffffff]
Apr 28 00:04:51 localhost kernel: Initmem setup node 0 [mem 0x00000000-0x3fffffff]
Apr 28 00:04:51 localhost kernel:  NODE_DATA [mem 0x3ffd9000-0x3fffffff]
Apr 28 00:04:51 localhost kernel: kexec: crashkernel=auto resulted in zero bytes of reserved memory.
Apr 28 00:04:51 localhost kernel: Zone ranges:
Apr 28 00:04:51 localhost kernel:  DMA      [mem 0x00001000-0x00ffffff]
Apr 28 00:04:51 localhost kernel:  DMA32    [mem 0x01000000-0xffffffff]
Apr 28 00:04:51 localhost kernel:  Normal   empty
Apr 28 00:04:51 localhost kernel: Movable zone start for each node
Apr 28 00:04:51 localhost kernel: Early memory node ranges
Apr 28 00:04:51 localhost kernel:  node   0: [mem 0x00001000-0x0009dfff]
Apr 28 00:04:51 localhost kernel:  node   0: [mem 0x00100000-0x3fffffff]
Apr 28 00:04:51 localhost kernel: ACPI: PM-Timer IO Port: 0xb008
Apr 28 00:04:51 localhost kernel: ACPI: LAPIC (acpi_id[0x00] lapic_id[0x00] enabled)
Apr 28 00:04:51 localhost kernel: ACPI: LAPIC (acpi_id[0x01] lapic_id[0x00] disabled)
Apr 28 00:04:51 localhost kernel: ACPI: LAPIC (acpi_id[0x02] lapic_id[0x00] disabled)
Apr 28 00:04:51 localhost kernel: ACPI: LAPIC (acpi_id[0x03] lapic_id[0x00] disabled)
Apr 28 00:04:51 localhost kernel: ACPI: LAPIC (acpi_id[0x04] lapic_id[0x00] disabled)
Apr 28 00:04:51 localhost kernel: ACPI: LAPIC (acpi_id[0x05] lapic_id[0x00] disabled)
Apr 28 00:04:51 localhost kernel: ACPI: LAPIC (acpi_id[0x06] lapic_id[0x00] disabled)
Apr 28 00:04:51 localhost kernel: ACPI: LAPIC (acpi_id[0x07] lapic_id[0x00] disabled)
Apr 28 00:04:51 localhost kernel: ACPI: LAPIC (acpi_id[0x08] lapic_id[0x00] disabled)
Apr 28 00:04:51 localhost kernel: ACPI: LAPIC (acpi_id[0x09] lapic_id[0x00] disabled)
Apr 28 00:04:51 localhost kernel: ACPI: LAPIC (acpi_id[0x0a] lapic_id[0x00] disabled)
Apr 28 00:04:51 localhost kernel: ACPI: LAPIC (acpi_id[0x0b] lapic_id[0x00] disabled)
Apr 28 00:04:51 localhost kernel: ACPI: LAPIC (acpi_id[0x0c] lapic_id[0x00] disabled)
Apr 28 00:04:51 localhost kernel: ACPI: LAPIC (acpi_id[0x0d] lapic_id[0x00] disabled)
Apr 28 00:04:51 localhost kernel: ACPI: LAPIC (acpi_id[0x0e] lapic_id[0x00] disabled)
Apr 28 00:04:51 localhost kernel: ACPI: IOAPIC (id[0x01] address[0xfec00000] gsi_base[0])
Apr 28 00:04:51 localhost kernel: IOAPIC[0]: apic_id 1, version 17, address 0xfec00000, GSI 0-47
Apr 28 00:04:51 localhost kernel: ACPI: INT_SRC_OVR (bus 0 bus_irq 0 global_irq 2 dfl dfl)
Apr 28 00:04:51 localhost kernel: ACPI: INT_SRC_OVR (bus 0 bus_irq 5 global_irq 5 low level)
Apr 28 00:04:51 localhost kernel: ACPI: INT_SRC_OVR (bus 0 bus_irq 10 global_irq 10 low level)
Apr 28 00:04:51 localhost kernel: ACPI: INT_SRC_OVR (bus 0 bus_irq 11 global_irq 11 low level)
Apr 28 00:04:51 localhost kernel: Using ACPI (MADT) for SMP configuration information
Apr 28 00:04:51 localhost kernel: ACPI: HPET id: 0x8086a201 base: 0xfed00000
Apr 28 00:04:51 localhost kernel: smpboot: Allowing 15 CPUs, 14 hotplug CPUs
Apr 28 00:04:51 localhost kernel: PM: Registered nosave memory: [mem 0x0009e000-0x0009ffff]
Apr 28 00:04:51 localhost kernel: PM: Registered nosave memory: [mem 0x000a0000-0x000dffff]
Apr 28 00:04:51 localhost kernel: PM: Registered nosave memory: [mem 0x000e0000-0x000fffff]
Apr 28 00:04:51 localhost kernel: e820: [mem 0x40000000-0xfbffffff] available for PCI devices
Apr 28 00:04:51 localhost kernel: Booting paravirtualized kernel on Xen HVM
Apr 28 00:04:51 localhost kernel: setup_percpu: NR_CPUS:5120 nr_cpumask_bits:15 nr_cpu_ids:15 nr_node_ids:1
Apr 28 00:04:51 localhost kernel: PERCPU: Embedded 31 pages/cpu @ffff88003fc00000 s87168 r8192 d31616 u131072
Apr 28 00:04:51 localhost kernel: Built 1 zonelists in Node order, mobility grouping on.  Total pages: 257928
Apr 28 00:04:51 localhost kernel: Policy zone: DMA32
Apr 28 00:04:51 localhost kernel: Kernel command line: BOOT_IMAGE=/boot/vmlinuz-3.10.0-327.10.1.el7.x86_64 root=UUID=ef6ba050-6cdc-416a-9380-c14304d0d206 ro console=tty0 console=ttyS0,115200n8 crashkernel=auto console=ttyS0,115200 LANG=en_US.UTF-8
Apr 28 00:04:51 localhost kernel: PID hash table entries: 4096 (order: 3, 32768 bytes)
Apr 28 00:04:51 localhost kernel: x86/fpu: xstate_offset[2]: 0240, xstate_sizes[2]: 0100
Apr 28 00:04:51 localhost kernel: xsave: enabled xstate_bv 0x7, cntxt size 0x340
Apr 28 00:04:51 localhost kernel: AGP: Checking aperture...
Apr 28 00:04:51 localhost kernel: AGP: No AGP bridge found
Apr 28 00:04:51 localhost kernel: Memory: 978304k/1048576k available (6440k kernel code, 396k absent, 69876k reserved, 4266k data, 1620k init)
Apr 28 00:04:51 localhost kernel: SLUB: HWalign=64, Order=0-3, MinObjects=0, CPUs=15, Nodes=1
Apr 28 00:04:51 localhost kernel: Hierarchical RCU implementation.
Apr 28 00:04:51 localhost kernel: #011RCU restricting CPUs from NR_CPUS=5120 to nr_cpu_ids=15.
Apr 28 00:04:51 localhost kernel: #011Offload RCU callbacks from all CPUs
Apr 28 00:04:51 localhost kernel: #011Offload RCU callbacks from CPUs: 0-14.
Apr 28 00:04:51 localhost kernel: NR_IRQS:327936 nr_irqs:952 0
Apr 28 00:04:51 localhost kernel: xen:events: Xen HVM callback vector for event delivery is enabled
Apr 28 00:04:51 localhost kernel: Console: colour VGA+ 80x25
Apr 28 00:04:51 localhost kernel: console [tty0] enabled
Apr 28 00:04:51 localhost kernel: Cannot get hvm parameter CONSOLE_EVTCHN (18): -22!
Apr 28 00:04:51 localhost kernel: console [ttyS0] enabled
Apr 28 00:04:51 localhost kernel: allocated 4194304 bytes of page_cgroup
Apr 28 00:04:51 localhost kernel: please try 'cgroup_disable=memory' option if you don't want memory cgroups
Apr 28 00:04:51 localhost kernel: tsc: Detected 2500.096 MHz processor
Apr 28 00:04:51 localhost kernel: Calibrating delay loop (skipped), value calculated using timer frequency.. 5000.19 BogoMIPS (lpj=2500096)
Apr 28 00:04:51 localhost kernel: pid_max: default: 32768 minimum: 301
Apr 28 00:04:51 localhost kernel: Security Framework initialized
Apr 28 00:04:51 localhost kernel: SELinux:  Initializing.
Apr 28 00:04:51 localhost kernel: Dentry cache hash table entries: 131072 (order: 8, 1048576 bytes)
Apr 28 00:04:51 localhost kernel: Inode-cache hash table entries: 65536 (order: 7, 524288 bytes)
Apr 28 00:04:51 localhost kernel: Mount-cache hash table entries: 4096
Apr 28 00:04:51 localhost kernel: Initializing cgroup subsys memory
Apr 28 00:04:51 localhost kernel: Initializing cgroup subsys devices
Apr 28 00:04:51 localhost kernel: Initializing cgroup subsys freezer
Apr 28 00:04:51 localhost kernel: Initializing cgroup subsys net_cls
Apr 28 00:04:51 localhost kernel: Initializing cgroup subsys blkio
Apr 28 00:04:51 localhost kernel: Initializing cgroup subsys perf_event
Apr 28 00:04:51 localhost kernel: Initializing cgroup subsys hugetlb
Apr 28 00:04:51 localhost kernel: CPU: Physical Processor ID: 0
Apr 28 00:04:51 localhost kernel: mce: CPU supports 2 MCE banks
Apr 28 00:04:51 localhost kernel: Last level iTLB entries: 4KB 512, 2MB 0, 4MB 0#012Last level dTLB entries: 4KB 512, 2MB 0, 4MB 0#012tlb_flushall_shift: 6
Apr 28 00:04:51 localhost kernel: ACPI: Core revision 20130517
Apr 28 00:04:51 localhost kernel: ACPI: All ACPI Tables successfully acquired
Apr 28 00:04:51 localhost kernel: ftrace: allocating 24584 entries in 97 pages
Apr 28 00:04:51 localhost kernel: Switched APIC routing to physical flat.
Apr 28 00:04:51 localhost kernel: ..TIMER: vector=0x30 apic1=0 pin1=2 apic2=0 pin2=0
Apr 28 00:04:51 localhost kernel: smpboot: CPU0: Intel(R) Xeon(R) CPU E5-2670 v2 @ 2.50GHz (fam: 06, model: 3e, stepping: 04)
Apr 28 00:04:51 localhost kernel: installing Xen timer for CPU 0
Apr 28 00:04:51 localhost kernel: cpu 0 spinlock event irq 53
Apr 28 00:04:51 localhost kernel: Performance Events: unsupported p6 CPU model 62 no PMU driver, software events only.
Apr 28 00:04:51 localhost kernel: Brought up 1 CPUs
Apr 28 00:04:51 localhost kernel: smpboot: Total of 1 processors activated (5000.19 BogoMIPS)
Apr 28 00:04:51 localhost kernel: NMI watchdog: disabled (cpu0): hardware events not enabled
Apr 28 00:04:51 localhost kernel: devtmpfs: initialized
Apr 28 00:04:51 localhost kernel: EVM: security.selinux
Apr 28 00:04:51 localhost kernel: EVM: security.ima
Apr 28 00:04:51 localhost kernel: EVM: security.capability
Apr 28 00:04:51 localhost kernel: atomic64 test passed for x86-64 platform with CX8 and with SSE
Apr 28 00:04:51 localhost kernel: NET: Registered protocol family 16
Apr 28 00:04:51 localhost kernel: ACPI: bus type PCI registered
Apr 28 00:04:51 localhost kernel: acpiphp: ACPI Hot Plug PCI Controller Driver version: 0.5
Apr 28 00:04:51 localhost kernel: PCI: Using configuration type 1 for base access
Apr 28 00:04:51 localhost kernel: ACPI: Added _OSI(Module Device)
Apr 28 00:04:51 localhost kernel: ACPI: Added _OSI(Processor Device)
Apr 28 00:04:51 localhost kernel: ACPI: Added _OSI(3.0 _SCP Extensions)
Apr 28 00:04:51 localhost kernel: ACPI: Added _OSI(Processor Aggregator Device)
Apr 28 00:04:51 localhost kernel: ACPI: Interpreter enabled
Apr 28 00:04:51 localhost kernel: ACPI Exception: AE_NOT_FOUND, While evaluating Sleep State [\_S1_] (20130517/hwxface-571)
Apr 28 00:04:51 localhost kernel: ACPI Exception: AE_NOT_FOUND, While evaluating Sleep State [\_S2_] (20130517/hwxface-571)
Apr 28 00:04:51 localhost kernel: ACPI: (supports S0 S3 S4 S5)
Apr 28 00:04:51 localhost kernel: ACPI: Using IOAPIC for interrupt routing
Apr 28 00:04:51 localhost kernel: PCI: Using host bridge windows from ACPI; if necessary, use "pci=nocrs" and report a bug
Apr 28 00:04:51 localhost kernel: ACPI: PCI Root Bridge [PCI0] (domain 0000 [bus 00-ff])
Apr 28 00:04:51 localhost kernel: acpi PNP0A03:00: _OSC: OS supports [ASPM ClockPM Segments MSI]
Apr 28 00:04:51 localhost kernel: acpi PNP0A03:00: _OSC failed (AE_NOT_FOUND); disabling ASPM
Apr 28 00:04:51 localhost kernel: acpi PNP0A03:00: fail to add MMCONFIG information, can't access extended PCI configuration space under this bridge.
Apr 28 00:04:51 localhost kernel: acpiphp: Slot [0] registered
Apr 28 00:04:51 localhost kernel: acpiphp: Slot [3] registered
Apr 28 00:04:51 localhost kernel: acpiphp: Slot [4] registered
Apr 28 00:04:51 localhost kernel: acpiphp: Slot [5] registered
Apr 28 00:04:51 localhost kernel: acpiphp: Slot [6] registered
Apr 28 00:04:51 localhost kernel: acpiphp: Slot [7] registered
Apr 28 00:04:51 localhost kernel: acpiphp: Slot [8] registered
Apr 28 00:04:51 localhost kernel: acpiphp: Slot [9] registered
Apr 28 00:04:51 localhost kernel: acpiphp: Slot [10] registered
Apr 28 00:04:51 localhost kernel: acpiphp: Slot [11] registered
Apr 28 00:04:51 localhost kernel: acpiphp: Slot [12] registered
Apr 28 00:04:51 localhost kernel: acpiphp: Slot [13] registered
Apr 28 00:04:51 localhost kernel: acpiphp: Slot [14] registered
Apr 28 00:04:51 localhost kernel: acpiphp: Slot [15] registered
Apr 28 00:04:51 localhost kernel: acpiphp: Slot [16] registered
Apr 28 00:04:51 localhost kernel: acpiphp: Slot [17] registered
Apr 28 00:04:51 localhost kernel: acpiphp: Slot [18] registered
Apr 28 00:04:51 localhost kernel: acpiphp: Slot [19] registered
Apr 28 00:04:51 localhost kernel: acpiphp: Slot [20] registered
Apr 28 00:04:51 localhost kernel: acpiphp: Slot [21] registered
Apr 28 00:04:51 localhost kernel: acpiphp: Slot [22] registered
Apr 28 00:04:51 localhost kernel: acpiphp: Slot [23] registered
Apr 28 00:04:51 localhost kernel: acpiphp: Slot [24] registered
Apr 28 00:04:51 localhost kernel: acpiphp: Slot [25] registered
Apr 28 00:04:51 localhost kernel: acpiphp: Slot [26] registered
Apr 28 00:04:51 localhost kernel: acpiphp: Slot [27] registered
Apr 28 00:04:51 localhost kernel: acpiphp: Slot [28] registered
Apr 28 00:04:51 localhost kernel: acpiphp: Slot [29] registered
Apr 28 00:04:51 localhost kernel: acpiphp: Slot [30] registered
Apr 28 00:04:51 localhost kernel: acpiphp: Slot [31] registered
Apr 28 00:04:51 localhost kernel: PCI host bridge to bus 0000:00
Apr 28 00:04:51 localhost kernel: pci_bus 0000:00: root bus resource [bus 00-ff]
Apr 28 00:04:51 localhost kernel: pci_bus 0000:00: root bus resource [io  0x0000-0x0cf7]
Apr 28 00:04:51 localhost kernel: pci_bus 0000:00: root bus resource [io  0x0d00-0xffff]
Apr 28 00:04:51 localhost kernel: pci_bus 0000:00: root bus resource [mem 0x000a0000-0x000bffff]
Apr 28 00:04:51 localhost kernel: pci_bus 0000:00: root bus resource [mem 0xf0000000-0xfbffffff]
Apr 28 00:04:51 localhost kernel: pci 0000:00:01.1: legacy IDE quirk: reg 0x10: [io  0x01f0-0x01f7]
Apr 28 00:04:51 localhost kernel: pci 0000:00:01.1: legacy IDE quirk: reg 0x14: [io  0x03f6]
Apr 28 00:04:51 localhost kernel: pci 0000:00:01.1: legacy IDE quirk: reg 0x18: [io  0x0170-0x0177]
Apr 28 00:04:51 localhost kernel: pci 0000:00:01.1: legacy IDE quirk: reg 0x1c: [io  0x0376]
Apr 28 00:04:51 localhost kernel: * Found PM-Timer Bug on the chipset. Due to workarounds for a bug,#012* this clock source is slow. Consider trying other clock sources
Apr 28 00:04:51 localhost kernel: pci 0000:00:01.3: quirk: [io  0xb000-0xb03f] claimed by PIIX4 ACPI
Apr 28 00:04:51 localhost kernel: ACPI: PCI Interrupt Link [LNKA] (IRQs *5 10 11)
Apr 28 00:04:51 localhost kernel: ACPI: PCI Interrupt Link [LNKB] (IRQs 5 *10 11)
Apr 28 00:04:51 localhost kernel: ACPI: PCI Interrupt Link [LNKC] (IRQs 5 10 *11)
Apr 28 00:04:51 localhost kernel: ACPI: PCI Interrupt Link [LNKD] (IRQs *5 10 11)
Apr 28 00:04:51 localhost kernel: ACPI: Enabled 2 GPEs in block 00 to 0F
Apr 28 00:04:51 localhost kernel: xen:balloon: Initialising balloon driver
Apr 28 00:04:51 localhost kernel: xen_balloon: Initialising balloon driver
Apr 28 00:04:51 localhost kernel: vgaarb: device added: PCI:0000:00:02.0,decodes=io+mem,owns=io+mem,locks=none
Apr 28 00:04:51 localhost kernel: vgaarb: loaded
Apr 28 00:04:51 localhost kernel: vgaarb: bridge control possible 0000:00:02.0
Apr 28 00:04:51 localhost kernel: SCSI subsystem initialized
Apr 28 00:04:51 localhost kernel: ACPI: bus type USB registered
Apr 28 00:04:51 localhost kernel: usbcore: registered new interface driver usbfs
Apr 28 00:04:51 localhost kernel: usbcore: registered new interface driver hub
Apr 28 00:04:51 localhost kernel: usbcore: registered new device driver usb
Apr 28 00:04:51 localhost kernel: PCI: Using ACPI for IRQ routing
Apr 28 00:04:51 localhost kernel: NetLabel: Initializing
Apr 28 00:04:51 localhost kernel: NetLabel:  domain hash size = 128
Apr 28 00:04:51 localhost kernel: NetLabel:  protocols = UNLABELED CIPSOv4
Apr 28 00:04:51 localhost kernel: NetLabel:  unlabeled traffic allowed by default
Apr 28 00:04:51 localhost kernel: HPET: 3 timers in total, 0 timers will be used for per-cpu timer
Apr 28 00:04:51 localhost kernel: hpet0: at MMIO 0xfed00000, IRQs 2, 8, 0
Apr 28 00:04:51 localhost kernel: hpet0: 3 comparators, 64-bit 62.500000 MHz counter
Apr 28 00:04:51 localhost kernel: Switching to clocksource xen
Apr 28 00:04:51 localhost kernel: pnp: PnP ACPI init
Apr 28 00:04:51 localhost kernel: ACPI: bus type PNP registered
Apr 28 00:04:51 localhost kernel: system 00:00: [mem 0x00000000-0x0009ffff] could not be reserved
Apr 28 00:04:51 localhost kernel: system 00:02: [io  0x08a0-0x08a3] has been reserved
Apr 28 00:04:51 localhost kernel: system 00:02: [io  0x0cc0-0x0ccf] has been reserved
Apr 28 00:04:51 localhost kernel: system 00:02: [io  0x04d0-0x04d1] has been reserved
Apr 28 00:04:51 localhost kernel: system 00:0a: [io  0x10c0-0x1141] has been reserved
Apr 28 00:04:51 localhost kernel: system 00:0a: [io  0xb044-0xb047] has been reserved
Apr 28 00:04:51 localhost kernel: pnp: PnP ACPI: found 11 devices
Apr 28 00:04:51 localhost kernel: ACPI: bus type PNP unregistered
Apr 28 00:04:51 localhost kernel: NET: Registered protocol family 2
Apr 28 00:04:51 localhost kernel: TCP established hash table entries: 8192 (order: 4, 65536 bytes)
Apr 28 00:04:51 localhost kernel: TCP bind hash table entries: 8192 (order: 5, 131072 bytes)
Apr 28 00:04:51 localhost kernel: TCP: Hash tables configured (established 8192 bind 8192)
Apr 28 00:04:51 localhost kernel: TCP: reno registered
Apr 28 00:04:51 localhost kernel: UDP hash table entries: 512 (order: 2, 16384 bytes)
Apr 28 00:04:51 localhost kernel: UDP-Lite hash table entries: 512 (order: 2, 16384 bytes)
Apr 28 00:04:51 localhost kernel: NET: Registered protocol family 1
Apr 28 00:04:51 localhost kernel: pci 0000:00:00.0: Limiting direct PCI/PCI transfers
Apr 28 00:04:51 localhost kernel: pci 0000:00:01.0: PIIX3: Enabling Passive Release
Apr 28 00:04:51 localhost kernel: pci 0000:00:01.0: Activating ISA DMA hang workarounds
Apr 28 00:04:51 localhost kernel: Unpacking initramfs...
Apr 28 00:04:51 localhost kernel: Freeing initrd memory: 35548k freed
Apr 28 00:04:51 localhost kernel: RAPL PMU detected, API unit is 2^-32 Joules, 3 fixed counters 163840 ms ovfl timer
Apr 28 00:04:51 localhost kernel: hw unit of domain pp0-core 2^-16 Joules
Apr 28 00:04:51 localhost kernel: hw unit of domain package 2^-16 Joules
Apr 28 00:04:51 localhost kernel: hw unit of domain dram 2^-16 Joules
Apr 28 00:04:51 localhost kernel: microcode: CPU0 sig=0x306e4, pf=0x1, revision=0x416
Apr 28 00:04:51 localhost kernel: microcode: Microcode Update Driver: v2.00 <tigran@aivazian.fsnet.co.uk>, Peter Oruba
Apr 28 00:04:51 localhost kernel: sha1_ssse3: Using AVX optimized SHA-1 implementation
Apr 28 00:04:51 localhost kernel: sha256_ssse3: Using AVX optimized SHA-256 implementation
Apr 28 00:04:51 localhost kernel: futex hash table entries: 4096 (order: 6, 262144 bytes)
Apr 28 00:04:51 localhost kernel: Initialise system trusted keyring
Apr 28 00:04:51 localhost kernel: audit: initializing netlink socket (disabled)
Apr 28 00:04:51 localhost kernel: type=2000 audit(1461801891.257:1): initialized
Apr 28 00:04:51 localhost kernel: HugeTLB registered 2 MB page size, pre-allocated 0 pages
Apr 28 00:04:51 localhost kernel: zpool: loaded
Apr 28 00:04:51 localhost kernel: zbud: loaded
Apr 28 00:04:51 localhost kernel: VFS: Disk quotas dquot_6.5.2
Apr 28 00:04:51 localhost kernel: Dquot-cache hash table entries: 512 (order 0, 4096 bytes)
Apr 28 00:04:51 localhost kernel: msgmni has been set to 1980
Apr 28 00:04:51 localhost kernel: Key type big_key registered
Apr 28 00:04:51 localhost kernel: NET: Registered protocol family 38
Apr 28 00:04:51 localhost kernel: Key type asymmetric registered
Apr 28 00:04:51 localhost kernel: Asymmetric key parser 'x509' registered
Apr 28 00:04:51 localhost kernel: Block layer SCSI generic (bsg) driver version 0.4 loaded (major 251)
Apr 28 00:04:51 localhost kernel: io scheduler noop registered
Apr 28 00:04:51 localhost kernel: io scheduler deadline registered (default)
Apr 28 00:04:51 localhost kernel: io scheduler cfq registered
Apr 28 00:04:51 localhost kernel: pci_hotplug: PCI Hot Plug PCI Core version: 0.5
Apr 28 00:04:51 localhost kernel: pciehp: PCI Express Hot Plug Controller Driver version: 0.4
Apr 28 00:04:51 localhost kernel: input: Power Button as /devices/LNXSYSTM:00/LNXPWRBN:00/input/input0
Apr 28 00:04:51 localhost kernel: ACPI: Power Button [PWRF]
Apr 28 00:04:51 localhost kernel: input: Sleep Button as /devices/LNXSYSTM:00/LNXSLPBN:00/input/input1
Apr 28 00:04:51 localhost kernel: ACPI: Sleep Button [SLPF]
Apr 28 00:04:51 localhost kernel: GHES: HEST is not enabled!
Apr 28 00:04:51 localhost kernel: xen:grant_table: Grant tables using version 1 layout
Apr 28 00:04:51 localhost kernel: Grant table initialized
Apr 28 00:04:51 localhost kernel: Cannot get hvm parameter CONSOLE_EVTCHN (18): -22!
Apr 28 00:04:51 localhost kernel: Serial: 8250/16550 driver, 4 ports, IRQ sharing enabled
Apr 28 00:04:51 localhost kernel: 00:09: ttyS0 at I/O 0x3f8 (irq = 4) is a 16550A
Apr 28 00:04:51 localhost kernel: Non-volatile memory driver v1.3
Apr 28 00:04:51 localhost kernel: Linux agpgart interface v0.103
Apr 28 00:04:51 localhost kernel: crash memory driver: version 1.1
Apr 28 00:04:51 localhost kernel: rdac: device handler registered
Apr 28 00:04:51 localhost kernel: hp_sw: device handler registered
Apr 28 00:04:51 localhost kernel: emc: device handler registered
Apr 28 00:04:51 localhost kernel: alua: device handler registered
Apr 28 00:04:51 localhost kernel: libphy: Fixed MDIO Bus: probed
Apr 28 00:04:51 localhost kernel: ehci_hcd: USB 2.0 'Enhanced' Host Controller (EHCI) Driver
Apr 28 00:04:51 localhost kernel: ehci-pci: EHCI PCI platform driver
Apr 28 00:04:51 localhost kernel: ohci_hcd: USB 1.1 'Open' Host Controller (OHCI) Driver
Apr 28 00:04:51 localhost kernel: ohci-pci: OHCI PCI platform driver
Apr 28 00:04:51 localhost kernel: uhci_hcd: USB Universal Host Controller Interface driver
Apr 28 00:04:51 localhost kernel: usbcore: registered new interface driver usbserial
Apr 28 00:04:51 localhost kernel: usbcore: registered new interface driver usbserial_generic
Apr 28 00:04:51 localhost kernel: usbserial: USB Serial support registered for generic
Apr 28 00:04:51 localhost kernel: i8042: PNP: PS/2 Controller [PNP0303:PS2K,PNP0f13:PS2M] at 0x60,0x64 irq 1,12
Apr 28 00:04:51 localhost kernel: serio: i8042 KBD port at 0x60,0x64 irq 1
Apr 28 00:04:51 localhost kernel: serio: i8042 AUX port at 0x60,0x64 irq 12
Apr 28 00:04:51 localhost kernel: mousedev: PS/2 mouse device common for all mice
Apr 28 00:04:51 localhost kernel: input: AT Translated Set 2 keyboard as /devices/platform/i8042/serio0/input/input2
Apr 28 00:04:51 localhost kernel: rtc_cmos 00:04: rtc core: registered rtc_cmos as rtc0
Apr 28 00:04:51 localhost kernel: rtc_cmos 00:04: alarms up to one day, 114 bytes nvram, hpet irqs
Apr 28 00:04:51 localhost kernel: cpuidle: using governor menu
Apr 28 00:04:51 localhost kernel: hidraw: raw HID events driver (C) Jiri Kosina
Apr 28 00:04:51 localhost kernel: usbcore: registered new interface driver usbhid
Apr 28 00:04:51 localhost kernel: usbhid: USB HID core driver
Apr 28 00:04:51 localhost kernel: drop_monitor: Initializing network drop monitor service
Apr 28 00:04:51 localhost kernel: TCP: cubic registered
Apr 28 00:04:51 localhost kernel: Initializing XFRM netlink socket
Apr 28 00:04:51 localhost kernel: NET: Registered protocol family 10
Apr 28 00:04:51 localhost kernel: NET: Registered protocol family 17
Apr 28 00:04:51 localhost kernel: Loading compiled-in X.509 certificates
Apr 28 00:04:51 localhost kernel: Loaded X.509 cert 'CentOS Linux kpatch signing key: ea0413152cde1d98ebdca3fe6f0230904c9ef717'
Apr 28 00:04:51 localhost kernel: Loaded X.509 cert 'CentOS Linux Driver update signing key: 7f421ee0ab69461574bb358861dbe77762a4201b'
Apr 28 00:04:51 localhost kernel: Loaded X.509 cert 'CentOS Linux kernel signing key: 756354566b6c2e3c931c0a3bf44c8294fccbce3a'
Apr 28 00:04:51 localhost kernel: registered taskstats version 1
Apr 28 00:04:51 localhost kernel: Key type trusted registered
Apr 28 00:04:51 localhost kernel: Key type encrypted registered
Apr 28 00:04:51 localhost kernel: IMA: No TPM chip found, activating TPM-bypass!
Apr 28 00:04:51 localhost kernel: xenbus_probe_frontend: Device with no driver: device/vfb/0
Apr 28 00:04:51 localhost kernel: xenbus_probe_frontend: Device with no driver: device/vbd/768
Apr 28 00:04:51 localhost kernel: xenbus_probe_frontend: Device with no driver: device/vif/0
Apr 28 00:04:51 localhost kernel: rtc_cmos 00:04: setting system clock to 2016-04-28 00:04:51 UTC (1461801891)
Apr 28 00:04:51 localhost kernel: Freeing unused kernel memory: 1620k freed
Apr 28 00:04:51 localhost systemd[1]: systemd 219 running in system mode. (+PAM +AUDIT +SELINUX +IMA -APPARMOR +SMACK +SYSVINIT +UTMP +LIBCRYPTSETUP +GCRYPT +GNUTLS +ACL +XZ -LZ4 -SECCOMP +BLKID +ELFUTILS +KMOD +IDN)
Apr 28 00:04:51 localhost systemd[1]: Detected virtualization xen.
Apr 28 00:04:51 localhost systemd[1]: Detected architecture x86-64.
Apr 28 00:04:51 localhost systemd[1]: Running in initial RAM disk.
Apr 28 00:04:51 localhost systemd[1]: No hostname configured.
Apr 28 00:04:51 localhost systemd[1]: Set hostname to <localhost>.
Apr 28 00:04:51 localhost systemd[1]: Initializing machine ID from random generator.
Apr 28 00:04:51 localhost systemd[1]: Started Dispatch Password Requests to Console Directory Watch.
Apr 28 00:04:51 localhost systemd[1]: Starting Dispatch Password Requests to Console Directory Watch.
Apr 28 00:04:51 localhost systemd[1]: Reached target Paths.
Apr 28 00:04:51 localhost systemd[1]: Starting Paths.
Apr 28 00:04:51 localhost systemd[1]: Reached target Local File Systems.
Apr 28 00:04:51 localhost systemd[1]: Starting Local File Systems.
Apr 28 00:04:51 localhost systemd[1]: Reached target Timers.
Apr 28 00:04:51 localhost systemd[1]: Starting Timers.
Apr 28 00:04:51 localhost systemd[1]: Created slice -.slice.
Apr 28 00:04:51 localhost systemd[1]: Starting -.slice.
Apr 28 00:04:51 localhost systemd[1]: Listening on Journal Socket.
Apr 28 00:04:51 localhost systemd[1]: Starting Journal Socket.
Apr 28 00:04:51 localhost systemd[1]: Listening on udev Control Socket.
Apr 28 00:04:51 localhost systemd[1]: Starting udev Control Socket.
Apr 28 00:04:51 localhost systemd[1]: Listening on udev Kernel Socket.
Apr 28 00:04:51 localhost systemd[1]: Starting udev Kernel Socket.
Apr 28 00:04:51 localhost systemd[1]: Reached target Sockets.
Apr 28 00:04:51 localhost systemd[1]: Starting Sockets.
Apr 28 00:04:51 localhost systemd[1]: Created slice System Slice.
Apr 28 00:04:51 localhost systemd[1]: Starting System Slice.
Apr 28 00:04:51 localhost systemd[1]: Started Load Kernel Modules.
Apr 28 00:04:51 localhost systemd[1]: Starting Create list of required static device nodes for the current kernel...
Apr 28 00:04:51 localhost systemd[1]: Starting Apply Kernel Variables...
Apr 28 00:04:51 localhost systemd[1]: Starting Journal Service...
Apr 28 00:04:51 localhost systemd[1]: Started dracut ask for additional cmdline parameters.
Apr 28 00:04:51 localhost systemd[1]: Starting dracut cmdline hook...
Apr 28 00:04:51 localhost journal: Journal started
Apr 28 00:04:51 localhost systemd[1]: Reached target Slices.
Apr 28 00:04:51 localhost systemd[1]: Starting Slices.
Apr 28 00:04:51 localhost systemd[1]: Reached target Swap.
Apr 28 00:04:51 localhost systemd[1]: Starting Swap.
Apr 28 00:04:51 localhost systemd[1]: Started Journal Service.
Apr 28 00:04:51 localhost systemd: Started Create list of required static device nodes for the current kernel.
Apr 28 00:04:51 localhost systemd: Started Apply Kernel Variables.
Apr 28 00:04:51 localhost systemd: Starting Create Static Device Nodes in /dev...
Apr 28 00:04:51 localhost systemd-tmpfiles: Failed to parse ACL "d:group:adm:r-x,d:group:wheel:r-x": Invalid argument. Ignoring
Apr 28 00:04:51 localhost systemd-tmpfiles: Failed to parse ACL "group:adm:r-x,group:wheel:r-x": Invalid argument. Ignoring
Apr 28 00:04:51 localhost systemd-tmpfiles: Failed to parse ACL "d:group:adm:r-x,d:group:wheel:r-x": Invalid argument. Ignoring
Apr 28 00:04:51 localhost systemd-tmpfiles: Failed to parse ACL "group:adm:r-x,group:wheel:r-x": Invalid argument. Ignoring
Apr 28 00:04:51 localhost systemd: Started Create Static Device Nodes in /dev.
Apr 28 00:04:51 localhost systemd: Started dracut cmdline hook.
Apr 28 00:04:51 localhost systemd: Starting dracut pre-udev hook...
Apr 28 00:04:51 localhost kernel: RPC: Registered named UNIX socket transport module.
Apr 28 00:04:51 localhost kernel: RPC: Registered udp transport module.
Apr 28 00:04:51 localhost kernel: RPC: Registered tcp transport module.
Apr 28 00:04:51 localhost kernel: RPC: Registered tcp NFSv4.1 backchannel transport module.
Apr 28 00:04:51 localhost rpc.statd[215]: Version 1.3.0 starting
Apr 28 00:04:51 localhost rpc.statd[215]: Initializing NSM state
Apr 28 00:04:51 localhost rpc.statd[215]: Running as root.  chown /var/lib/nfs/statd to choose different user
Apr 28 00:04:51 localhost systemd: Started dracut pre-udev hook.
Apr 28 00:04:51 localhost systemd: Starting udev Kernel Device Manager...
Apr 28 00:04:51 localhost systemd-udevd: starting version 219
Apr 28 00:04:51 localhost systemd: Started udev Kernel Device Manager.
Apr 28 00:04:51 localhost systemd: Starting dracut pre-trigger hook...
Apr 28 00:04:51 localhost systemd: Started dracut pre-trigger hook.
Apr 28 00:04:51 localhost systemd: Starting udev Coldplug all Devices...
Apr 28 00:04:51 localhost systemd: Mounting Configuration File System...
Apr 28 00:04:52 localhost systemd: Mounted Configuration File System.
Apr 28 00:04:52 localhost kernel: FDC 0 is a S82078B
Apr 28 00:04:52 localhost systemd: Started udev Coldplug all Devices.
Apr 28 00:04:52 localhost systemd: Reached target System Initialization.
Apr 28 00:04:52 localhost systemd: Starting System Initialization.
Apr 28 00:04:52 localhost systemd: Reached target Basic System.
Apr 28 00:04:52 localhost systemd: Starting Basic System.
Apr 28 00:04:52 localhost systemd: Starting dracut initqueue hook...
Apr 28 00:04:52 localhost kernel: xen_netfront: Initialising Xen virtual ethernet driver
Apr 28 00:04:52 localhost kernel: scsi host0: ata_piix
Apr 28 00:04:52 localhost kernel: scsi host1: ata_piix
Apr 28 00:04:52 localhost kernel: ata1: PATA max MWDMA2 cmd 0x1f0 ctl 0x3f6 bmdma 0xc100 irq 14
Apr 28 00:04:52 localhost kernel: ata2: PATA max MWDMA2 cmd 0x170 ctl 0x376 bmdma 0xc108 irq 15
Apr 28 00:04:52 localhost kernel: blkfront: xvda: barrier or flush: disabled; persistent grants: disabled; indirect descriptors: enabled;
Apr 28 00:04:52 localhost kernel: xvda: xvda1
Apr 28 00:04:52 localhost kernel: tsc: Refined TSC clocksource calibration: 2499.997 MHz
Apr 28 00:04:52 localhost systemd: Found device /dev/disk/by-uuid/ef6ba050-6cdc-416a-9380-c14304d0d206.
Apr 28 00:04:52 localhost systemd: Starting File System Check on /dev/disk/by-uuid/ef6ba050-6cdc-416a-9380-c14304d0d206...
Apr 28 00:04:52 localhost systemd-fsck: /sbin/fsck.xfs: XFS file system.
Apr 28 00:04:52 localhost systemd: Started File System Check on /dev/disk/by-uuid/ef6ba050-6cdc-416a-9380-c14304d0d206.
Apr 28 00:04:52 localhost kernel: input: ImExPS/2 Generic Explorer Mouse as /devices/platform/i8042/serio1/input/input3
Apr 28 00:04:52 localhost systemd: Started dracut initqueue hook.
Apr 28 00:04:52 localhost systemd: Reached target Remote File Systems (Pre).
Apr 28 00:04:52 localhost systemd: Starting Remote File Systems (Pre).
Apr 28 00:04:52 localhost systemd: Reached target Remote File Systems.
Apr 28 00:04:52 localhost systemd: Starting Remote File Systems.
Apr 28 00:04:52 localhost systemd: Started dracut pre-mount hook.
Apr 28 00:04:52 localhost systemd: Mounting /sysroot...
Apr 28 00:04:52 localhost kernel: SGI XFS with ACLs, security attributes, no debug enabled
Apr 28 00:04:52 localhost kernel: XFS (xvda1): Mounting V4 Filesystem
Apr 28 00:04:52 localhost kernel: XFS (xvda1): Ending clean mount
Apr 28 00:04:52 localhost systemd: Mounted /sysroot.
Apr 28 00:04:52 localhost systemd: Reached target Initrd Root File System.
Apr 28 00:04:52 localhost systemd: Starting Initrd Root File System.
Apr 28 00:04:52 localhost systemd: Starting Reload Configuration from the Real Root...
Apr 28 00:04:52 localhost systemd: Reloading.
Apr 28 00:04:52 localhost systemd: Started Reload Configuration from the Real Root.
Apr 28 00:04:52 localhost systemd: Started dracut mount hook.
Apr 28 00:04:52 localhost systemd: Reached target Initrd File Systems.
Apr 28 00:04:52 localhost systemd: Starting Initrd File Systems.
Apr 28 00:04:52 localhost systemd: Reached target Initrd Default Target.
Apr 28 00:04:52 localhost systemd: Starting Initrd Default Target.
Apr 28 00:04:52 localhost systemd: Starting dracut pre-pivot and cleanup hook...
Apr 28 00:04:53 localhost rpcbind: cannot open file = /run/rpcbind/rpcbind.xdr for writing
Apr 28 00:04:53 localhost rpcbind: cannot save any registration
Apr 28 00:04:53 localhost rpcbind: cannot open file = /run/rpcbind/portmap.xdr for writing
Apr 28 00:04:53 localhost rpcbind: cannot save any registration
Apr 28 00:04:53 localhost systemd: Started dracut pre-pivot and cleanup hook.
Apr 28 00:04:53 localhost systemd: Starting Cleaning Up and Shutting Down Daemons...
Apr 28 00:04:53 localhost systemd: Stopped Cleaning Up and Shutting Down Daemons.
Apr 28 00:04:53 localhost systemd: Stopped target Timers.
Apr 28 00:04:53 localhost systemd: Stopping Timers.
Apr 28 00:04:53 localhost systemd: Stopped dracut pre-pivot and cleanup hook.
Apr 28 00:04:53 localhost systemd: Stopping dracut pre-pivot and cleanup hook...
Apr 28 00:04:53 localhost systemd: Stopped target Remote File Systems.
Apr 28 00:04:53 localhost systemd: Stopping Remote File Systems.
Apr 28 00:04:53 localhost systemd: Stopped target Remote File Systems (Pre).
Apr 28 00:04:53 localhost systemd: Stopping Remote File Systems (Pre).
Apr 28 00:04:53 localhost systemd: Stopped dracut initqueue hook.
Apr 28 00:04:53 localhost systemd: Stopping dracut initqueue hook...
Apr 28 00:04:53 localhost systemd: Stopped target Initrd Default Target.
Apr 28 00:04:53 localhost systemd: Stopping Initrd Default Target.
Apr 28 00:04:53 localhost systemd: Stopped target Basic System.
Apr 28 00:04:53 localhost systemd: Stopping Basic System.
Apr 28 00:04:53 localhost systemd: Stopped target System Initialization.
Apr 28 00:04:53 localhost systemd: Stopping System Initialization.
Apr 28 00:04:53 localhost systemd: Stopped udev Coldplug all Devices.
Apr 28 00:04:53 localhost systemd: Stopping udev Coldplug all Devices...
Apr 28 00:04:53 localhost systemd: Stopped dracut pre-trigger hook.
Apr 28 00:04:53 localhost systemd: Stopping dracut pre-trigger hook...
Apr 28 00:04:53 localhost systemd: Stopping udev Kernel Device Manager...
Apr 28 00:04:53 localhost systemd: Stopped Apply Kernel Variables.
Apr 28 00:04:53 localhost systemd: Stopping Apply Kernel Variables...
Apr 28 00:04:53 localhost systemd: Stopped target Swap.
Apr 28 00:04:53 localhost systemd: Stopping Swap.
Apr 28 00:04:53 localhost systemd: Stopped target Paths.
Apr 28 00:04:53 localhost systemd: Stopping Paths.
Apr 28 00:04:53 localhost systemd: Stopped Dispatch Password Requests to Console Directory Watch.
Apr 28 00:04:53 localhost systemd: Stopping Dispatch Password Requests to Console Directory Watch.
Apr 28 00:04:53 localhost systemd: Stopped target Slices.
Apr 28 00:04:53 localhost systemd: Stopping Slices.
Apr 28 00:04:53 localhost systemd: Stopped target Sockets.
Apr 28 00:04:53 localhost systemd: Stopping Sockets.
Apr 28 00:04:53 localhost systemd: Stopped target Local File Systems.
Apr 28 00:04:53 localhost systemd: Stopping Local File Systems.
Apr 28 00:04:53 localhost systemd: Stopped udev Kernel Device Manager.
Apr 28 00:04:53 localhost systemd: Stopped dracut pre-udev hook.
Apr 28 00:04:53 localhost systemd: Stopping dracut pre-udev hook...
Apr 28 00:04:53 localhost systemd: Stopped dracut cmdline hook.
Apr 28 00:04:53 localhost systemd: Stopping dracut cmdline hook...
Apr 28 00:04:53 localhost systemd: Stopped Create Static Device Nodes in /dev.
Apr 28 00:04:53 localhost systemd: Stopping Create Static Device Nodes in /dev...
Apr 28 00:04:53 localhost systemd: Stopped Create list of required static device nodes for the current kernel.
Apr 28 00:04:53 localhost systemd: Stopping Create list of required static device nodes for the current kernel...
Apr 28 00:04:53 localhost systemd: Closed udev Kernel Socket.
Apr 28 00:04:53 localhost systemd: Stopping udev Kernel Socket.
Apr 28 00:04:53 localhost systemd: Closed udev Control Socket.
Apr 28 00:04:53 localhost systemd: Stopping udev Control Socket.
Apr 28 00:04:53 localhost systemd: Starting Cleanup udevd DB...
Apr 28 00:04:53 localhost systemd: Started Cleanup udevd DB.
Apr 28 00:04:53 localhost systemd: Reached target Switch Root.
Apr 28 00:04:53 localhost systemd: Starting Switch Root.
Apr 28 00:04:53 localhost systemd: Starting Switch Root...
Apr 28 00:04:53 localhost systemd: Switching root.
Apr 28 00:04:53 localhost journal: Journal stopped
Apr 28 00:05:00 localhost journal: Runtime journal is using 6.1M (max allowed 49.5M, trying to leave 74.3M free of 483.4M available → current limit 49.5M).
Apr 28 00:05:00 localhost journal: Runtime journal is using 6.1M (max allowed 49.5M, trying to leave 74.3M free of 483.4M available → current limit 49.5M).
Apr 28 00:05:00 localhost systemd-journald[122]: Received SIGTERM from PID 1 (systemd).
Apr 28 00:05:00 localhost kernel: type=1404 audit(1461801894.493:2): enforcing=1 old_enforcing=0 auid=4294967295 ses=4294967295
Apr 28 00:05:00 localhost kernel: type=1403 audit(1461801895.457:3): policy loaded auid=4294967295 ses=4294967295
Apr 28 00:05:00 localhost systemd[1]: Successfully loaded SELinux policy in 1.201890s.
Apr 28 00:05:00 localhost kernel: ip_tables: (C) 2000-2006 Netfilter Core Team
Apr 28 00:05:00 localhost systemd[1]: Inserted module 'ip_tables'
Apr 28 00:05:00 localhost systemd[1]: Relabelled /dev and /run in 13.750ms.
Apr 28 00:05:00 localhost journal: Journal started
Apr 28 00:05:00 localhost systemd: systemd 219 running in system mode. (+PAM +AUDIT +SELINUX +IMA -APPARMOR +SMACK +SYSVINIT +UTMP +LIBCRYPTSETUP +GCRYPT +GNUTLS +ACL +XZ -LZ4 -SECCOMP +BLKID +ELFUTILS +KMOD +IDN)
Apr 28 00:05:00 localhost systemd: Detected virtualization xen.
Apr 28 00:05:00 localhost systemd: Detected architecture x86-64.
Apr 28 00:05:00 localhost systemd: Set hostname to <localhost.localdomain>.
Apr 28 00:05:00 localhost systemd: Configuration file /usr/lib/systemd/system/auditd.service is marked world-inaccessible. This has no effect as configuration data is accessible via APIs without restrictions. Proceeding anyway.
Apr 28 00:05:00 localhost systemd: Starting Flush Journal to Persistent Storage...
Apr 28 00:05:00 localhost kernel: Installing knfsd (copyright (C) 1996 okir@monad.swb.de).
Apr 28 00:05:00 localhost systemd: Mounted NFSD configuration filesystem.
Apr 28 00:05:00 localhost systemd: Started Configure read-only root support.
Apr 28 00:05:00 localhost journal: Runtime journal is using 6.1M (max allowed 49.5M, trying to leave 74.3M free of 483.4M available → current limit 49.5M).
Apr 28 00:05:00 localhost systemd: Started Flush Journal to Persistent Storage.
Apr 28 00:05:01 localhost systemd: Started Setup Virtual Console.
Apr 28 00:05:01 localhost systemd: Started Rebuild Hardware Database.
Apr 28 00:05:01 localhost systemd: Starting udev Coldplug all Devices...
Apr 28 00:05:01 localhost systemd: Started udev Coldplug all Devices.
Apr 28 00:05:01 localhost systemd: Started Create Static Device Nodes in /dev.
Apr 28 00:05:01 localhost systemd: Starting udev Kernel Device Manager...
Apr 28 00:05:01 localhost systemd: Reached target Local File Systems (Pre).
Apr 28 00:05:01 localhost systemd: Starting Local File Systems (Pre).
Apr 28 00:05:01 localhost systemd: Reached target Local File Systems.
Apr 28 00:05:01 localhost systemd: Starting Local File Systems.
Apr 28 00:05:01 localhost systemd: Started Reconfigure the system on administrator request.
Apr 28 00:05:01 localhost systemd: Starting Preprocess NFS configuration...
Apr 28 00:05:01 localhost systemd: Starting Rebuild Journal Catalog...
Apr 28 00:05:01 localhost systemd: Starting Import network configuration from initramfs...
Apr 28 00:05:01 localhost systemd: Started Commit a transient machine-id on disk.
Apr 28 00:05:01 localhost systemd: Started Mark the need to relabel after reboot.
Apr 28 00:05:01 localhost systemd: Started Relabel all filesystems, if necessary.
Apr 28 00:05:01 localhost systemd-udevd: starting version 219
Apr 28 00:05:01 localhost systemd: Started Rebuild Journal Catalog.
Apr 28 00:05:01 localhost systemd: Started Preprocess NFS configuration.
Apr 28 00:05:02 localhost systemd: Started Import network configuration from initramfs.
Apr 28 00:05:02 localhost systemd: Starting Create Volatile Files and Directories...
Apr 28 00:05:02 localhost systemd: Started udev Kernel Device Manager.
Apr 28 00:05:02 localhost systemd: Started Create Volatile Files and Directories.
Apr 28 00:05:02 localhost systemd: Starting Security Auditing Service...
Apr 28 00:05:02 localhost systemd: Found device /dev/ttyS0.
Apr 28 00:05:02 localhost kernel: input: PC Speaker as /devices/platform/pcspkr/input/input4
Apr 28 00:05:02 localhost kernel: ppdev: user-space parallel port driver
Apr 28 00:05:02 localhost kernel: piix4_smbus 0000:00:01.3: SMBus base address uninitialized - upgrade BIOS or use force_addr=0xaddr
Apr 28 00:05:02 localhost kernel: [drm] Initialized drm 1.1.0 20060810
Apr 28 00:05:02 localhost kernel: AES CTR mode by8 optimization enabled
Apr 28 00:05:02 localhost kernel: alg: No test for __gcm-aes-aesni (__driver-gcm-aes-aesni)
Apr 28 00:05:02 localhost kernel: alg: No test for crc32 (crc32-pclmul)
Apr 28 00:05:03 localhost augenrules: No rules
Apr 28 00:05:03 localhost augenrules: enabled 0
Apr 28 00:05:03 localhost augenrules: flag 1
Apr 28 00:05:03 localhost augenrules: pid 0
Apr 28 00:05:03 localhost augenrules: rate_limit 0
Apr 28 00:05:03 localhost augenrules: backlog_limit 320
Apr 28 00:05:03 localhost augenrules: lost 0
Apr 28 00:05:03 localhost augenrules: backlog 0
Apr 28 00:05:03 localhost systemd: Started Security Auditing Service.
Apr 28 00:05:03 localhost systemd: Starting Update UTMP about System Boot/Shutdown...
Apr 28 00:05:03 localhost auditd[442]: Started dispatcher: /sbin/audispd pid: 498
Apr 28 00:05:03 localhost kernel: Error: Driver 'pcspkr' is already registered, aborting...
Apr 28 00:05:03 localhost kernel: type=1305 audit(1461801903.100:4): audit_pid=442 old=0 auid=4294967295 ses=4294967295 subj=system_u:system_r:auditd_t:s0 res=1
Apr 28 00:05:03 localhost kernel: [TTM] Zone  kernel: Available graphics memory: 507736 kiB
Apr 28 00:05:03 localhost kernel: [TTM] Initializing pool allocator
Apr 28 00:05:03 localhost kernel: [TTM] Initializing DMA pool allocator
Apr 28 00:05:03 localhost kernel: [drm] fb mappable at 0xF0000000
Apr 28 00:05:03 localhost kernel: [drm] vram aper at 0xF0000000
Apr 28 00:05:03 localhost kernel: [drm] size 33554432
Apr 28 00:05:03 localhost kernel: [drm] fb depth is 24
Apr 28 00:05:03 localhost kernel: [drm]    pitch is 3072
Apr 28 00:05:03 localhost auditd[442]: Init complete, auditd 2.4.1 listening for events (startup state enable)
Apr 28 00:05:03 localhost systemd: Started Update UTMP about System Boot/Shutdown.
Apr 28 00:05:03 localhost kernel: fbcon: cirrusdrmfb (fb0) is primary device
Apr 28 00:05:03 localhost kernel: Console: switching to colour frame buffer device 128x48
Apr 28 00:05:03 localhost kernel: cirrus 0000:00:02.0: fb0: cirrusdrmfb frame buffer device
Apr 28 00:05:03 localhost kernel: cirrus 0000:00:02.0: registered panic notifier
Apr 28 00:05:03 localhost kernel: [drm] Initialized cirrus 1.0.0 20110418 for 0000:00:02.0 on minor 0
Apr 28 00:05:03 localhost audispd: No plugins found, exiting
Apr 28 00:05:06 localhost systemd: Started Rebuild Dynamic Linker Cache.
Apr 28 00:05:06 localhost systemd: Starting Update is Completed...
Apr 28 00:05:06 localhost systemd: Started Update is Completed.
Apr 28 00:05:06 localhost systemd: Reached target System Initialization.
Apr 28 00:05:06 localhost systemd: Starting System Initialization.
Apr 28 00:05:06 localhost systemd: Started Daily Cleanup of Temporary Directories.
Apr 28 00:05:06 localhost systemd: Starting Daily Cleanup of Temporary Directories.
Apr 28 00:05:06 localhost systemd: Reached target Timers.
Apr 28 00:05:06 localhost systemd: Starting Timers.
Apr 28 00:05:06 localhost systemd: Listening on D-Bus System Message Bus Socket.
Apr 28 00:05:06 localhost systemd: Starting D-Bus System Message Bus Socket.
Apr 28 00:05:06 localhost systemd: Listening on RPCbind Server Activation Socket.
Apr 28 00:05:06 localhost systemd: Starting RPCbind Server Activation Socket.
Apr 28 00:05:06 localhost systemd: Reached target Sockets.
Apr 28 00:05:06 localhost systemd: Starting Sockets.
Apr 28 00:05:06 localhost systemd: Started Flexible branding.
Apr 28 00:05:06 localhost systemd: Starting Flexible branding.
Apr 28 00:05:06 localhost systemd: Reached target Paths.
Apr 28 00:05:06 localhost systemd: Starting Paths.
Apr 28 00:05:06 localhost systemd: Reached target Basic System.
Apr 28 00:05:06 localhost systemd: Starting Basic System.
Apr 28 00:05:06 localhost systemd: Starting GSSAPI Proxy Daemon...
Apr 28 00:05:06 localhost systemd: Starting LSB: Bring up/down networking...
Apr 28 00:05:06 localhost systemd: Started D-Bus System Message Bus.
Apr 28 00:05:06 localhost systemd: Starting D-Bus System Message Bus...
Apr 28 00:05:06 localhost systemd: Starting OpenSSH Server Key Generation...
Apr 28 00:05:06 localhost systemd: Starting Login Service...
Apr 28 00:05:06 localhost systemd: Started Load CPU microcode update.
Apr 28 00:05:06 localhost systemd: Starting NTP client/server...
Apr 28 00:05:06 localhost chronyd[547]: chronyd version 2.1.1 starting (+CMDMON +NTP +REFCLOCK +RTC +PRIVDROP +DEBUG +ASYNCDNS +IPV6 +SECHASH)
Apr 28 00:05:06 localhost systemd: Started irqbalance daemon.
Apr 28 00:05:06 localhost systemd: Starting irqbalance daemon...
Apr 28 00:05:06 localhost chronyd[547]: Generated key 1
Apr 28 00:05:06 localhost /usr/sbin/irqbalance: Balancing is ineffective on systems with a single cpu.  Shutting down
Apr 28 00:05:06 localhost systemd: Starting Initial cloud-init job (pre-networking)...
Apr 28 00:05:06 localhost systemd: Starting Dump dmesg to /var/log/dmesg...
Apr 28 00:05:06 localhost systemd: Starting System Logging Service...
Apr 28 00:05:06 localhost systemd: Started GSSAPI Proxy Daemon.
Apr 28 00:05:06 localhost systemd-logind: New seat seat0.
Apr 28 00:05:06 localhost systemd-logind: Watching system buttons on /dev/input/event0 (Power Button)
Apr 28 00:05:06 localhost systemd-logind: Watching system buttons on /dev/input/event1 (Sleep Button)
Apr 28 00:05:06 localhost systemd: Started Login Service.
Apr 28 00:05:06 localhost systemd: Started RPC security service for NFS client and server.
Apr 28 00:05:06 localhost systemd: Started RPC security service for NFS server.
Apr 28 00:05:06 localhost systemd: Reached target NFS client services.
Apr 28 00:05:06 localhost systemd: Starting NFS client services.
Apr 28 00:05:06 localhost systemd: Reached target Remote File Systems (Pre).
Apr 28 00:05:06 localhost systemd: Starting Remote File Systems (Pre).
Apr 28 00:05:06 localhost systemd: Reached target Remote File Systems.
Apr 28 00:05:06 localhost systemd: Starting Remote File Systems.
Apr 28 00:05:06 localhost systemd: Starting Permit User Sessions...
Apr 28 00:05:06 localhost systemd: Started Dump dmesg to /var/log/dmesg.
Apr 28 00:05:06 localhost systemd: Started Permit User Sessions.
Apr 28 00:05:06 localhost systemd: Started Serial Getty on ttyS0.
Apr 28 00:05:06 localhost systemd: Starting Serial Getty on ttyS0...
Apr 28 00:05:07 localhost systemd: Started Command Scheduler.
Apr 28 00:05:07 localhost systemd: Starting Command Scheduler...
Apr 28 00:05:07 localhost systemd: Started Getty on tty1.
Apr 28 00:05:07 localhost systemd: Starting Getty on tty1...
Apr 28 00:05:07 localhost systemd: Reached target Login Prompts.
Apr 28 00:05:07 localhost systemd: Starting Login Prompts.
Apr 28 00:05:07 localhost systemd: Started System Logging Service.
Apr 28 00:05:07 localhost systemd: Started NTP client/server.
Apr 28 00:05:07 localhost sshd-keygen: Generating SSH2 RSA host key: [  OK  ]
Apr 28 00:05:07 localhost sshd-keygen: Generating SSH2 ECDSA host key: [  OK  ]
Apr 28 00:05:07 localhost sshd-keygen: Generating SSH2 ED25519 host key: [  OK  ]
Apr 28 00:05:07 localhost systemd: Started OpenSSH Server Key Generation.
Apr 28 00:05:07 localhost network: Bringing up loopback interface:  [  OK  ]
Apr 28 00:05:07 localhost network: Bringing up interface eth0:
Apr 28 00:05:07 localhost dhclient[681]: DHCPDISCOVER on eth0 to 255.255.255.255 port 67 interval 6 (xid=0x87ea3d9)
Apr 28 00:05:07 localhost dhclient[681]: DHCPREQUEST on eth0 to 255.255.255.255 port 67 (xid=0x87ea3d9)
Apr 28 00:05:07 localhost dhclient[681]: DHCPOFFER from 172.31.16.1
Apr 28 00:05:07 localhost dhclient[681]: DHCPACK from 172.31.16.1 (xid=0x87ea3d9)
Apr 28 00:05:10 localhost NET[742]: /usr/sbin/dhclient-script : updated /etc/resolv.conf
Apr 28 00:05:10 localhost dhclient[681]: bound to 172.31.20.215 -- renewal in 1689 seconds.
Apr 28 00:05:10 localhost network: Determining IP information for eth0... done.
Apr 28 00:05:10 localhost systemd: Started Initial cloud-init job (pre-networking).
Apr 28 00:05:10 localhost network: [  OK  ]
Apr 28 00:05:10 localhost systemd: Started LSB: Bring up/down networking.
Apr 28 00:05:10 localhost systemd: Reached target Network.
Apr 28 00:05:10 localhost systemd: Starting Network.
Apr 28 00:05:10 localhost systemd: Starting Initial cloud-init job (metadata service crawler)...
Apr 28 00:05:10 localhost systemd: Starting Postfix Mail Transport Agent...
Apr 28 00:05:10 localhost systemd: Started OpenSSH server daemon.
Apr 28 00:05:10 localhost systemd: Starting OpenSSH server daemon...
Apr 28 00:05:10 localhost systemd: Starting Dynamic System Tuning Daemon...
Apr 28 00:05:10 localhost systemd: Starting Notify NFS peers of a restart...
Apr 28 00:05:10 localhost systemd: Reached target Network is Online.
Apr 28 00:05:10 localhost systemd: Starting Network is Online.
Apr 28 00:05:10 localhost systemd: Starting Crash recovery kernel arming...
Apr 28 00:05:10 localhost sm-notify[809]: Version 1.3.0 starting
Apr 28 00:05:10 localhost systemd: Started Notify NFS peers of a restart.
Apr 28 00:05:11 localhost systemd: Started Dynamic System Tuning Daemon.
Apr 28 00:05:11 localhost journal: [CLOUDINIT] stages.py[INFO]: Loaded datasource DataSourceEc2 - DataSourceEc2
Apr 28 00:05:12 localhost systemd: Started Postfix Mail Transport Agent.
Apr 28 00:05:12 localhost kdumpctl: No kdump initial ramdisk found.
Apr 28 00:05:12 localhost kdumpctl: Rebuilding /boot/initramfs-3.10.0-327.10.1.el7.x86_64kdump.img
Apr 28 00:05:12 localhost dbus[519]: [system] Activating via systemd: service name='org.freedesktop.hostname1' unit='dbus-org.freedesktop.hostname1.service'
Apr 28 00:05:12 localhost dbus-daemon: dbus[519]: [system] Activating via systemd: service name='org.freedesktop.hostname1' unit='dbus-org.freedesktop.hostname1.service'
Apr 28 00:05:12 localhost systemd: Starting Hostname Service...
Apr 28 00:05:12 localhost dbus[519]: [system] Successfully activated service 'org.freedesktop.hostname1'
Apr 28 00:05:12 localhost dbus-daemon: dbus[519]: [system] Successfully activated service 'org.freedesktop.hostname1'
Apr 28 00:05:12 localhost systemd: Started Hostname Service.
Apr 28 00:05:12 localhost systemd-hostnamed: Changed static host name to 'ip-172-31-20-215.us-west-2.compute.internal'
Apr 28 00:05:12 localhost systemd-hostnamed: Changed host name to 'ip-172-31-20-215.us-west-2.compute.internal'
Apr 28 00:05:13 localhost systemd: Started Initial cloud-init job (metadata service crawler).
Apr 28 00:05:13 localhost systemd: Reached target Cloud-config availability.
Apr 28 00:05:13 localhost systemd: Starting Cloud-config availability.
Apr 28 00:05:13 localhost systemd: Starting Apply the settings specified in cloud-config...
Apr 28 00:05:13 localhost systemd: Stopping OpenSSH server daemon...
Apr 28 00:05:13 localhost systemd: Stopping OpenSSH Server Key Generation...
Apr 28 00:05:13 localhost systemd: Started OpenSSH Server Key Generation.
Apr 28 00:05:13 localhost systemd: Started OpenSSH server daemon.
Apr 28 00:05:13 localhost systemd: Starting OpenSSH server daemon...
Apr 28 00:05:13 localhost systemd: Started Apply the settings specified in cloud-config.
Apr 28 00:05:13 localhost systemd: Starting Execute cloud user/final scripts...
Apr 28 00:05:13 localhost ec2: 
Apr 28 00:05:13 localhost ec2: #############################################################
Apr 28 00:05:13 localhost ec2: -----BEGIN SSH HOST KEY FINGERPRINTS-----
Apr 28 00:05:13 localhost ec2: 256 ff:cc:dd:19:35:a9:3f:66:99:92:0c:19:83:6c:02:34   (ECDSA)
Apr 28 00:05:13 localhost ec2: 256 a6:04:b1:8a:d4:ba:71:1c:d2:50:20:11:d7:81:1b:cd   (ED25519)
Apr 28 00:05:13 localhost ec2: 2048 6a:05:27:bf:50:08:b8:7d:c5:aa:9f:f6:41:cf:9e:87   (RSA)
Apr 28 00:05:13 localhost ec2: -----END SSH HOST KEY FINGERPRINTS-----
Apr 28 00:05:13 localhost ec2: #############################################################
Apr 28 00:05:13 localhost systemd: Started Execute cloud user/final scripts.
Apr 28 00:05:13 localhost systemd: Reached target Multi-User System.
Apr 28 00:05:13 localhost systemd: Starting Multi-User System.
Apr 28 00:05:13 localhost systemd: Started Stop Read-Ahead Data Collection 10s After Completed Startup.
Apr 28 00:05:13 localhost systemd: Starting Update UTMP about System Runlevel Changes...
Apr 28 00:05:13 localhost systemd: Started Update UTMP about System Runlevel Changes.
Apr 28 00:05:14 localhost dracut: dracut-
Apr 28 00:05:14 localhost dracut: Executing: /usr/sbin/dracut --hostonly --hostonly-cmdline --hostonly-i18n -o "plymouth dash resume ifcfg" -f /boot/initramfs-3.10.0-327.10.1.el7.x86_64kdump.img 3.10.0-327.10.1.el7.x86_64
Apr 28 00:05:14 localhost dracut: dracut module 'busybox' will not be installed, because command 'busybox' could not be found!
Apr 28 00:05:14 localhost dracut: dracut module 'ifcfg' will not be installed, because it's in the list to be omitted!
Apr 28 00:05:14 localhost dracut: dracut module 'plymouth' will not be installed, because it's in the list to be omitted!
Apr 28 00:05:14 localhost dracut: dracut module 'crypt' will not be installed, because command 'cryptsetup' could not be found!
Apr 28 00:05:14 localhost dracut: dracut module 'dmraid' will not be installed, because command 'dmraid' could not be found!
Apr 28 00:05:14 localhost dracut: dracut module 'lvm' will not be installed, because command 'lvm' could not be found!
Apr 28 00:05:14 localhost dracut: dracut module 'mdraid' will not be installed, because command 'mdadm' could not be found!
Apr 28 00:05:14 localhost dracut: dracut module 'multipath' will not be installed, because command 'multipath' could not be found!
Apr 28 00:05:14 localhost dracut: dracut module 'cifs' will not be installed, because command 'mount.cifs' could not be found!
Apr 28 00:05:15 localhost dracut: dracut module 'fcoe' will not be installed, because command 'dcbtool' could not be found!
Apr 28 00:05:15 localhost dracut: dracut module 'fcoe' will not be installed, because command 'fipvlan' could not be found!
Apr 28 00:05:15 localhost dracut: dracut module 'fcoe' will not be installed, because command 'lldpad' could not be found!
Apr 28 00:05:15 localhost dracut: dracut module 'fcoe' will not be installed, because command 'fcoemon' could not be found!
Apr 28 00:05:15 localhost dracut: dracut module 'fcoe' will not be installed, because command 'fcoeadm' could not be found!
Apr 28 00:05:15 localhost dracut: dracut module 'iscsi' will not be installed, because command 'iscsistart' could not be found!
Apr 28 00:05:15 localhost dracut: dracut module 'iscsi' will not be installed, because command 'iscsi-iname' could not be found!
Apr 28 00:05:15 localhost dracut: dracut module 'nbd' will not be installed, because command 'nbd-client' could not be found!
Apr 28 00:05:15 localhost dracut: dracut module 'resume' will not be installed, because it's in the list to be omitted!
Apr 28 00:05:15 localhost dracut: dracut module 'biosdevname' will not be installed, because command 'biosdevname' could not be found!
Apr 28 00:05:15 localhost dracut: dracut module 'busybox' will not be installed, because command 'busybox' could not be found!
Apr 28 00:05:15 localhost dracut: dracut module 'crypt' will not be installed, because command 'cryptsetup' could not be found!
Apr 28 00:05:15 localhost dracut: dracut module 'dmraid' will not be installed, because command 'dmraid' could not be found!
Apr 28 00:05:15 localhost dracut: dracut module 'lvm' will not be installed, because command 'lvm' could not be found!
Apr 28 00:05:15 localhost dracut: dracut module 'mdraid' will not be installed, because command 'mdadm' could not be found!
Apr 28 00:05:15 localhost dracut: dracut module 'multipath' will not be installed, because command 'multipath' could not be found!
Apr 28 00:05:15 localhost dracut: dracut module 'cifs' will not be installed, because command 'mount.cifs' could not be found!
Apr 28 00:05:15 localhost dracut: dracut module 'fcoe' will not be installed, because command 'dcbtool' could not be found!
Apr 28 00:05:15 localhost dracut: dracut module 'fcoe' will not be installed, because command 'fipvlan' could not be found!
Apr 28 00:05:15 localhost dracut: dracut module 'fcoe' will not be installed, because command 'lldpad' could not be found!
Apr 28 00:05:15 localhost dracut: dracut module 'fcoe' will not be installed, because command 'fcoemon' could not be found!
Apr 28 00:05:15 localhost dracut: dracut module 'fcoe' will not be installed, because command 'fcoeadm' could not be found!
Apr 28 00:05:15 localhost dracut: dracut module 'iscsi' will not be installed, because command 'iscsistart' could not be found!
Apr 28 00:05:15 localhost dracut: dracut module 'iscsi' will not be installed, because command 'iscsi-iname' could not be found!
Apr 28 00:05:15 localhost dracut: dracut module 'nbd' will not be installed, because command 'nbd-client' could not be found!
Apr 28 00:05:15 localhost dracut: *** Including module: bash ***
Apr 28 00:05:15 localhost dracut: *** Including module: nss-softokn ***
Apr 28 00:05:15 localhost dracut: *** Including module: i18n ***
Apr 28 00:05:15 localhost dracut: *** Including module: network ***
Apr 28 00:05:16 localhost dracut: *** Including module: drm ***
Apr 28 00:05:16 localhost dracut: *** Including module: kernel-modules ***
Apr 28 00:05:24 localhost dracut: *** Including module: rootfs-block ***
Apr 28 00:05:24 localhost dracut: *** Including module: terminfo ***
Apr 28 00:05:24 localhost dracut: *** Including module: udev-rules ***
Apr 28 00:05:24 localhost dracut: Skipping udev rule: 91-permissions.rules
Apr 28 00:05:24 localhost dracut: *** Including module: systemd ***
Apr 28 00:05:25 localhost dracut: *** Including module: usrmount ***
Apr 28 00:05:25 localhost dracut: *** Including module: base ***
Apr 28 00:05:25 localhost dracut: *** Including module: fs-lib ***
Apr 28 00:05:25 localhost dracut: *** Including module: kdumpbase ***
Apr 28 00:05:25 localhost dracut: *** Including module: shutdown ***
Apr 28 00:05:25 localhost dracut: *** Including modules done ***
Apr 28 00:05:25 localhost dracut: *** Installing kernel module dependencies and firmware ***
Apr 28 00:05:26 localhost dracut: *** Installing kernel module dependencies and firmware done ***
Apr 28 00:05:26 localhost dracut: *** Resolving executable dependencies ***
Apr 28 00:05:26 localhost dracut: *** Resolving executable dependencies done***
Apr 28 00:05:26 localhost dracut: *** Hardlinking files ***
Apr 28 00:05:26 localhost dracut: *** Hardlinking files done ***
Apr 28 00:05:26 localhost dracut: *** Stripping files ***
Apr 28 00:05:27 localhost dracut: *** Stripping files done ***
Apr 28 00:05:27 localhost dracut: *** Generating early-microcode cpio image ***
Apr 28 00:05:27 localhost dracut: *** Constructing GenuineIntel.bin ****
Apr 28 00:05:27 localhost dracut: *** Store current command line parameters ***
Apr 28 00:05:27 localhost dracut: *** Creating image file ***
Apr 28 00:05:34 localhost systemd: Created slice user-1000.slice.
Apr 28 00:05:34 localhost systemd: Starting user-1000.slice.
Apr 28 00:05:34 localhost systemd: Started Session 1 of user centos.
Apr 28 00:05:34 localhost systemd-logind: New session 1 of user centos.
Apr 28 00:05:34 localhost systemd: Starting Session 1 of user centos.
Apr 28 00:05:36 localhost dracut: *** Creating image file done ***
Apr 28 00:05:39 localhost kdumpctl: No memory reserved for crash kernel.
Apr 28 00:05:39 localhost kdumpctl: Starting kdump: [FAILED]
Apr 28 00:05:39 localhost systemd: kdump.service: main process exited, code=exited, status=1/FAILURE
Apr 28 00:05:39 localhost systemd: Failed to start Crash recovery kernel arming.
Apr 28 00:05:39 localhost systemd: Startup finished in 1.276s (kernel) + 2.752s (initrd) + 45.239s (userspace) = 49.268s.
Apr 28 00:05:39 localhost systemd: Unit kdump.service entered failed state.
Apr 28 00:05:39 localhost systemd: kdump.service failed.
Apr 28 00:05:39 localhost chronyd[547]: Selected source 132.163.4.102
Apr 28 00:05:39 localhost chronyd[547]: System clock wrong by 0.798177 seconds, adjustment started
Apr 28 00:05:39 localhost kernel: Adjusting xen more than 11% (9437184 vs 9311354)
Apr 28 00:06:07 localhost yum[9056]: Updated: nspr-4.11.0-1.el7_2.x86_64
Apr 28 00:06:07 localhost yum[9056]: Updated: nss-util-3.21.0-2.2.el7_2.x86_64
Apr 28 00:06:07 localhost yum[9056]: Updated: 1:openssl-libs-1.0.1e-51.el7_2.4.x86_64
Apr 28 00:06:08 localhost yum[9056]: Updated: krb5-libs-1.13.2-12.el7_2.x86_64
Apr 28 00:06:08 localhost yum[9056]: Updated: systemd-libs-219-19.el7_2.7.x86_64
Apr 28 00:06:08 localhost yum[9056]: Updated: libuuid-2.23.2-26.el7_2.2.x86_64
Apr 28 00:06:08 localhost yum[9056]: Updated: libblkid-2.23.2-26.el7_2.2.x86_64
Apr 28 00:06:08 localhost yum[9056]: Updated: libmount-2.23.2-26.el7_2.2.x86_64
Apr 28 00:06:08 localhost systemd: Closed udev Control Socket.
Apr 28 00:06:08 localhost systemd: Stopping udev Control Socket.
Apr 28 00:06:08 localhost systemd: Closed udev Kernel Socket.
Apr 28 00:06:08 localhost systemd: Stopping udev Kernel Socket.
Apr 28 00:06:08 localhost systemd: Stopping udev Kernel Device Manager...
Apr 28 00:06:08 localhost systemd: Stopped udev Kernel Device Manager.
Apr 28 00:06:08 localhost dbus[519]: [system] Reloaded configuration
Apr 28 00:06:08 localhost dbus-daemon: dbus[519]: [system] Reloaded configuration
Apr 28 00:06:11 localhost dbus[519]: [system] Reloaded configuration
Apr 28 00:06:11 localhost dbus-daemon: dbus[519]: [system] Reloaded configuration
Apr 28 00:06:11 localhost systemd: Reexecuting.
Apr 28 00:06:11 localhost systemd: systemd 219 running in system mode. (+PAM +AUDIT +SELINUX +IMA -APPARMOR +SMACK +SYSVINIT +UTMP +LIBCRYPTSETUP +GCRYPT +GNUTLS +ACL +XZ -LZ4 -SECCOMP +BLKID +ELFUTILS +KMOD +IDN)
Apr 28 00:06:11 localhost systemd: Detected virtualization xen.
Apr 28 00:06:11 localhost systemd: Detected architecture x86-64.
Apr 28 00:06:11 localhost systemd: Configuration file /usr/lib/systemd/system/auditd.service is marked world-inaccessible. This has no effect as configuration data is accessible via APIs without restrictions. Proceeding anyway.
Apr 28 00:06:11 localhost systemd: Listening on udev Kernel Socket.
Apr 28 00:06:11 localhost systemd: Starting udev Kernel Socket.
Apr 28 00:06:11 localhost systemd: Listening on udev Control Socket.
Apr 28 00:06:11 localhost systemd: Starting udev Control Socket.
Apr 28 00:06:11 localhost systemd: Starting udev Kernel Device Manager...
Apr 28 00:06:11 localhost systemd-udevd: starting version 219
Apr 28 00:06:11 localhost systemd: Started udev Kernel Device Manager.
Apr 28 00:06:12 localhost yum[9056]: Updated: systemd-219-19.el7_2.7.x86_64
Apr 28 00:06:12 localhost yum[9056]: Updated: util-linux-2.23.2-26.el7_2.2.x86_64
Apr 28 00:06:12 localhost yum[9056]: Updated: nss-softokn-freebl-3.16.2.3-14.2.el7_2.x86_64
Apr 28 00:06:12 localhost yum[9056]: Updated: nss-softokn-3.16.2.3-14.2.el7_2.x86_64
Apr 28 00:06:13 localhost yum[9056]: Updated: nss-3.21.0-9.el7_2.x86_64
Apr 28 00:06:13 localhost yum[9056]: Updated: nss-sysinit-3.21.0-9.el7_2.x86_64
Apr 28 00:06:15 localhost yum[9056]: Updated: nss-tools-3.21.0-9.el7_2.x86_64
Apr 28 00:06:15 localhost yum[9056]: Updated: openldap-2.4.40-9.el7_2.x86_64
Apr 28 00:06:15 localhost yum[9056]: Updated: openssh-6.6.1p1-25.el7_2.x86_64
Apr 28 00:06:17 localhost systemd: Reloading.
Apr 28 00:06:17 localhost systemd: Configuration file /usr/lib/systemd/system/auditd.service is marked world-inaccessible. This has no effect as configuration data is accessible via APIs without restrictions. Proceeding anyway.
Apr 28 00:06:17 localhost systemd: Reloading.
Apr 28 00:06:17 localhost systemd: Configuration file /usr/lib/systemd/system/auditd.service is marked world-inaccessible. This has no effect as configuration data is accessible via APIs without restrictions. Proceeding anyway.
Apr 28 00:06:17 localhost yum[9056]: Updated: initscripts-9.49.30-1.el7_2.2.x86_64
Apr 28 00:06:17 localhost yum[9056]: Updated: cronie-anacron-1.4.11-14.el7_2.1.x86_64
Apr 28 00:06:17 localhost systemd: Stopping Command Scheduler...
Apr 28 00:06:17 localhost systemd: Started Command Scheduler.
Apr 28 00:06:17 localhost systemd: Starting Command Scheduler...
Apr 28 00:06:17 localhost yum[9056]: Updated: cronie-1.4.11-14.el7_2.1.x86_64
Apr 28 00:06:17 localhost yum[9056]: Updated: libtalloc-2.1.5-1.el7_2.x86_64
Apr 28 00:06:17 localhost yum[9056]: Updated: libteam-1.17-6.el7_2.x86_64
Apr 28 00:06:25 localhost yum[9056]: Installed: linux-firmware-20150904-43.git6ebf5d5.el7.noarch
Apr 28 00:06:25 localhost yum[9056]: Updated: python-perf-3.10.0-327.13.1.el7.x86_64
Apr 28 00:06:25 localhost yum[9056]: Updated: 1:quota-nls-4.01-11.el7_2.1.noarch
Apr 28 00:06:26 localhost yum[9056]: Updated: kernel-tools-libs-3.10.0-327.13.1.el7.x86_64
Apr 28 00:06:26 localhost yum[9056]: Updated: 32:bind-license-9.9.4-29.el7_2.3.noarch
Apr 28 00:06:26 localhost yum[9056]: Updated: 32:bind-libs-lite-9.9.4-29.el7_2.3.x86_64
Apr 28 00:06:26 localhost yum[9056]: Updated: kernel-tools-3.10.0-327.13.1.el7.x86_64
Apr 28 00:06:26 localhost yum[9056]: Updated: 1:quota-4.01-11.el7_2.1.x86_64
Apr 28 00:06:26 localhost dbus[519]: [system] Reloaded configuration
Apr 28 00:06:26 localhost dbus-daemon: dbus[519]: [system] Reloaded configuration
Apr 28 00:06:27 localhost yum[9056]: Updated: tuned-2.5.1-4.el7_2.3.noarch
Apr 28 00:06:41 localhost yum[9056]: Installed: kernel-3.10.0-327.13.1.el7.x86_64
Apr 28 00:06:41 localhost dbus[519]: [system] Reloaded configuration
Apr 28 00:06:41 localhost dbus-daemon: dbus[519]: [system] Reloaded configuration
Apr 28 00:06:41 localhost yum[9056]: Updated: teamd-1.17-6.el7_2.x86_64
Apr 28 00:06:41 localhost yum[9056]: Updated: libtevent-0.9.26-1.el7_2.x86_64
Apr 28 00:06:41 localhost yum[9056]: Updated: openssh-server-6.6.1p1-25.el7_2.x86_64
Apr 28 00:06:42 localhost yum[9056]: Updated: openssh-clients-6.6.1p1-25.el7_2.x86_64
Apr 28 00:06:42 localhost yum[9056]: Updated: sudo-1.8.6p7-17.el7_2.x86_64
Apr 28 00:06:42 localhost yum[9056]: Updated: systemd-sysv-219-19.el7_2.7.x86_64
Apr 28 00:06:42 localhost yum[9056]: Updated: libgudev1-219-19.el7_2.7.x86_64
Apr 28 00:06:42 localhost yum[9056]: Updated: 1:openssl-1.0.1e-51.el7_2.4.x86_64
Apr 28 00:06:42 localhost yum[9056]: Updated: 1:mariadb-libs-5.5.47-1.el7_2.x86_64
Apr 28 00:06:42 localhost yum[9056]: Updated: libssh2-1.4.3-10.el7_2.1.x86_64
Apr 28 00:06:42 localhost yum[9056]: Updated: kpartx-0.4.9-85.el7_2.1.x86_64
Apr 28 00:06:43 localhost yum[9056]: Updated: tzdata-2016d-1.el7.noarch
Apr 28 00:06:44 localhost systemd: Reloading.
Apr 28 00:06:44 localhost systemd: Configuration file /usr/lib/systemd/system/auditd.service is marked world-inaccessible. This has no effect as configuration data is accessible via APIs without restrictions. Proceeding anyway.
Apr 28 00:06:44 localhost systemd: Stopping Dynamic System Tuning Daemon...
Apr 28 00:06:44 localhost systemd: Starting Dynamic System Tuning Daemon...
Apr 28 00:06:44 localhost systemd: Started Dynamic System Tuning Daemon.
Apr 28 00:06:44 localhost systemd: Reloading.
Apr 28 00:06:44 localhost systemd: Configuration file /usr/lib/systemd/system/auditd.service is marked world-inaccessible. This has no effect as configuration data is accessible via APIs without restrictions. Proceeding anyway.
Apr 28 00:06:44 localhost systemd: Stopping OpenSSH server daemon...
Apr 28 00:06:44 localhost systemd: Started OpenSSH Server Key Generation.
Apr 28 00:06:44 localhost systemd: Started OpenSSH server daemon.
Apr 28 00:06:44 localhost systemd: Starting OpenSSH server daemon...
Apr 28 00:06:44 localhost systemd: Reloading.
Apr 28 00:06:44 localhost systemd: Configuration file /usr/lib/systemd/system/auditd.service is marked world-inaccessible. This has no effect as configuration data is accessible via APIs without restrictions. Proceeding anyway.
Apr 28 00:06:44 localhost systemd: Reloading.
Apr 28 00:06:44 localhost systemd: Configuration file /usr/lib/systemd/system/auditd.service is marked world-inaccessible. This has no effect as configuration data is accessible via APIs without restrictions. Proceeding anyway.
Apr 28 00:06:44 localhost systemd: Stopping Command Scheduler...
Apr 28 00:06:44 localhost systemd: Started Command Scheduler.
Apr 28 00:06:44 localhost systemd: Starting Command Scheduler...
Apr 28 00:06:45 localhost systemd: Reloading.
Apr 28 00:06:45 localhost systemd: Configuration file /usr/lib/systemd/system/auditd.service is marked world-inaccessible. This has no effect as configuration data is accessible via APIs without restrictions. Proceeding anyway.
Apr 28 00:06:46 localhost dracut: dracut-
Apr 28 00:06:46 localhost dracut: Executing: /sbin/dracut -f /boot/initramfs-3.10.0-327.13.1.el7.x86_64.img 3.10.0-327.13.1.el7.x86_64
Apr 28 00:06:46 localhost dracut: dracut module 'busybox' will not be installed, because command 'busybox' could not be found!
Apr 28 00:06:46 localhost dracut: dracut module 'plymouth' will not be installed, because command 'plymouthd' could not be found!
Apr 28 00:06:46 localhost dracut: dracut module 'plymouth' will not be installed, because command 'plymouth' could not be found!
Apr 28 00:06:46 localhost dracut: dracut module 'crypt' will not be installed, because command 'cryptsetup' could not be found!
Apr 28 00:06:46 localhost dracut: dracut module 'dmraid' will not be installed, because command 'dmraid' could not be found!
Apr 28 00:06:46 localhost dracut: dracut module 'lvm' will not be installed, because command 'lvm' could not be found!
Apr 28 00:06:46 localhost dracut: dracut module 'mdraid' will not be installed, because command 'mdadm' could not be found!
Apr 28 00:06:46 localhost dracut: dracut module 'multipath' will not be installed, because command 'multipath' could not be found!
Apr 28 00:06:46 localhost dracut: dracut module 'cifs' will not be installed, because command 'mount.cifs' could not be found!
Apr 28 00:06:46 localhost dracut: dracut module 'fcoe' will not be installed, because command 'dcbtool' could not be found!
Apr 28 00:06:46 localhost dracut: dracut module 'fcoe' will not be installed, because command 'fipvlan' could not be found!
Apr 28 00:06:46 localhost dracut: dracut module 'fcoe' will not be installed, because command 'lldpad' could not be found!
Apr 28 00:06:46 localhost dracut: dracut module 'fcoe' will not be installed, because command 'fcoemon' could not be found!
Apr 28 00:06:46 localhost dracut: dracut module 'fcoe' will not be installed, because command 'fcoeadm' could not be found!
Apr 28 00:06:46 localhost dracut: dracut module 'fcoe-uefi' will not be installed, because command 'dcbtool' could not be found!
Apr 28 00:06:46 localhost dracut: dracut module 'fcoe-uefi' will not be installed, because command 'fipvlan' could not be found!
Apr 28 00:06:46 localhost dracut: dracut module 'fcoe-uefi' will not be installed, because command 'lldpad' could not be found!
Apr 28 00:06:46 localhost dracut: dracut module 'iscsi' will not be installed, because command 'iscsistart' could not be found!
Apr 28 00:06:46 localhost dracut: dracut module 'iscsi' will not be installed, because command 'iscsi-iname' could not be found!
Apr 28 00:06:46 localhost dracut: dracut module 'nbd' will not be installed, because command 'nbd-client' could not be found!
Apr 28 00:06:46 localhost dracut: dracut module 'biosdevname' will not be installed, because command 'biosdevname' could not be found!
Apr 28 00:06:46 localhost dracut: *** Including module: bash ***
Apr 28 00:06:46 localhost dracut: *** Including module: modsign ***
Apr 28 00:06:46 localhost dracut: *** Including module: nss-softokn ***
Apr 28 00:06:46 localhost dracut: *** Including module: i18n ***
Apr 28 00:06:47 localhost dracut: *** Including module: network ***
Apr 28 00:06:47 localhost dracut: *** Including module: ifcfg ***
Apr 28 00:06:47 localhost dracut: *** Including module: btrfs ***
Apr 28 00:06:47 localhost dracut: *** Including module: kernel-modules ***
Apr 28 00:06:50 localhost dracut: *** Including module: nfs ***
Apr 28 00:06:50 localhost dracut: *** Including module: resume ***
Apr 28 00:06:50 localhost dracut: *** Including module: rootfs-block ***
Apr 28 00:06:50 localhost dracut: *** Including module: terminfo ***
Apr 28 00:06:50 localhost dracut: *** Including module: udev-rules ***
Apr 28 00:06:50 localhost dracut: Skipping udev rule: 91-permissions.rules
Apr 28 00:06:50 localhost dracut: *** Including module: systemd ***
Apr 28 00:06:50 localhost dracut: *** Including module: usrmount ***
Apr 28 00:06:50 localhost dracut: *** Including module: base ***
Apr 28 00:06:50 localhost dracut: *** Including module: fs-lib ***
Apr 28 00:06:51 localhost dracut: *** Including module: shutdown ***
Apr 28 00:06:52 localhost dracut: *** Including modules done ***
Apr 28 00:06:52 localhost dracut: *** Installing kernel module dependencies and firmware ***
Apr 28 00:06:55 localhost dracut: *** Installing kernel module dependencies and firmware done ***
Apr 28 00:06:55 localhost dracut: *** Resolving executable dependencies ***
Apr 28 00:07:00 localhost dracut: *** Resolving executable dependencies done***
Apr 28 00:07:00 localhost dracut: *** Hardlinking files ***
Apr 28 00:07:00 localhost dracut: *** Hardlinking files done ***
Apr 28 00:07:00 localhost dracut: *** Stripping files ***
Apr 28 00:07:01 localhost dracut: *** Stripping files done ***
Apr 28 00:07:01 localhost dracut: *** Generating early-microcode cpio image ***
Apr 28 00:07:01 localhost dracut: *** Constructing GenuineIntel.bin ****
Apr 28 00:07:01 localhost dracut: *** Store current command line parameters ***
Apr 28 00:07:01 localhost dracut: *** Creating image file ***
Apr 28 00:07:28 localhost dracut: *** Creating image file done ***
Apr 28 00:11:40 localhost kernel: blkfront: xvdf: barrier or flush: disabled; persistent grants: disabled; indirect descriptors: enabled;
Apr 28 00:11:40 localhost kernel: xvdf: xvdf1
Apr 28 00:11:40 localhost systemd: Device dev-disk-by\x2duuid-ef6ba050\x2d6cdc\x2d416a\x2d9380\x2dc14304d0d206.device appeared twice with different sysfs paths /sys/devices/vbd-768/block/xvda/xvda1 and /sys/devices/vbd-51792/block/xvdf/xvdf1
Apr 28 00:14:13 localhost kernel: xvdf: unknown partition table
Apr 28 00:19:59 localhost systemd: Starting Cleanup of Temporary Directories...
Apr 28 00:19:59 localhost systemd: Started Cleanup of Temporary Directories.
Apr 28 00:27:29 localhost systemd: Stopped target Multi-User System.
Apr 28 00:27:29 localhost systemd: Stopping Multi-User System.
Apr 28 00:27:29 localhost systemd: Stopping NTP client/server...
Apr 28 00:27:29 localhost chronyd[547]: chronyd exiting
Apr 28 00:27:29 localhost systemd: Stopped target Login Prompts.
Apr 28 00:27:29 localhost systemd: Stopping Login Prompts.
Apr 28 00:27:29 localhost systemd: Stopped target Timers.
Apr 28 00:27:29 localhost systemd: Stopping Timers.
Apr 28 00:27:29 localhost systemd: Stopped Dump dmesg to /var/log/dmesg.
Apr 28 00:27:29 localhost systemd: Stopping Dump dmesg to /var/log/dmesg...
Apr 28 00:27:29 localhost systemd: Stopping Serial Getty on ttyS0...
Apr 28 00:27:29 localhost systemd: Stopping Getty on tty1...
Apr 28 00:27:29 localhost systemd: Stopping Dynamic System Tuning Daemon...
Apr 28 00:27:29 localhost rsyslogd: [origin software="rsyslogd" swVersion="7.4.7" x-pid="556" x-info="http://www.rsyslog.com"] exiting on signal 15.
Apr 28 00:48:00 ip-172-31-20-215 rsyslogd: [origin software="rsyslogd" swVersion="7.4.7" x-pid="515" x-info="http://www.rsyslog.com"] start
Apr 28 00:48:00 ip-172-31-20-215 rsyslogd-2307: warning: ~ action is deprecated, consider using the 'stop' statement instead [try http://www.rsyslog.com/e/2307 ]
Apr 28 00:47:57 ip-172-31-20-215 journal: Runtime journal is using 6.1M (max allowed 49.5M, trying to leave 74.3M free of 489.6M available → current limit 49.5M).
Apr 28 00:47:57 ip-172-31-20-215 kernel: Initializing cgroup subsys cpuset
Apr 28 00:47:57 ip-172-31-20-215 kernel: Initializing cgroup subsys cpu
Apr 28 00:47:57 ip-172-31-20-215 kernel: Initializing cgroup subsys cpuacct
Apr 28 00:47:57 ip-172-31-20-215 kernel: Linux version 3.10.0-327.13.1.el7.x86_64 (builder@kbuilder.dev.centos.org) (gcc version 4.8.3 20140911 (Red Hat 4.8.3-9) (GCC) ) #1 SMP Thu Mar 31 16:04:38 UTC 2016
Apr 28 00:47:57 ip-172-31-20-215 kernel: Command line: BOOT_IMAGE=/boot/vmlinuz-3.10.0-327.13.1.el7.x86_64 root=UUID=ef6ba050-6cdc-416a-9380-c14304d0d206 ro console=tty0 console=ttyS0,115200n8 crashkernel=auto console=ttyS0,115200 LANG=en_US.UTF-8
Apr 28 00:47:57 ip-172-31-20-215 kernel: e820: BIOS-provided physical RAM map:
Apr 28 00:47:57 ip-172-31-20-215 kernel: BIOS-e820: [mem 0x0000000000000000-0x000000000009dfff] usable
Apr 28 00:47:57 ip-172-31-20-215 kernel: BIOS-e820: [mem 0x000000000009e000-0x000000000009ffff] reserved
Apr 28 00:47:57 ip-172-31-20-215 kernel: BIOS-e820: [mem 0x00000000000e0000-0x00000000000fffff] reserved
Apr 28 00:47:57 ip-172-31-20-215 kernel: BIOS-e820: [mem 0x0000000000100000-0x000000003fffffff] usable
Apr 28 00:47:57 ip-172-31-20-215 kernel: BIOS-e820: [mem 0x00000000fc000000-0x00000000ffffffff] reserved
Apr 28 00:47:57 ip-172-31-20-215 kernel: NX (Execute Disable) protection: active
Apr 28 00:47:57 ip-172-31-20-215 kernel: SMBIOS 2.4 present.
Apr 28 00:47:57 ip-172-31-20-215 kernel: Hypervisor detected: Xen HVM
Apr 28 00:47:57 ip-172-31-20-215 kernel: Xen version 4.2.
Apr 28 00:47:57 ip-172-31-20-215 kernel: Netfront and the Xen platform PCI driver have been compiled for this kernel: unplug emulated NICs.
Apr 28 00:47:57 ip-172-31-20-215 kernel: Blkfront and the Xen platform PCI driver have been compiled for this kernel: unplug emulated disks.#012You might have to change the root device#012from /dev/hd[a-d] to /dev/xvd[a-d]#012in your root= kernel command line option
Apr 28 00:47:57 ip-172-31-20-215 kernel: AGP: No AGP bridge found
Apr 28 00:47:57 ip-172-31-20-215 kernel: e820: last_pfn = 0x40000 max_arch_pfn = 0x400000000
Apr 28 00:47:57 ip-172-31-20-215 kernel: x86 PAT enabled: cpu 0, old 0x7040600070406, new 0x7010600070106
Apr 28 00:47:57 ip-172-31-20-215 kernel: found SMP MP-table at [mem 0x000fbba0-0x000fbbaf] mapped at [ffff8800000fbba0]
Apr 28 00:47:57 ip-172-31-20-215 kernel: init_memory_mapping: [mem 0x00000000-0x000fffff]
Apr 28 00:47:57 ip-172-31-20-215 kernel: init_memory_mapping: [mem 0x3fe00000-0x3fffffff]
Apr 28 00:47:57 ip-172-31-20-215 kernel: init_memory_mapping: [mem 0x3c000000-0x3fdfffff]
Apr 28 00:47:57 ip-172-31-20-215 kernel: init_memory_mapping: [mem 0x00100000-0x3bffffff]
Apr 28 00:47:57 ip-172-31-20-215 kernel: RAMDISK: [mem 0x33a79000-0x35d34fff]
Apr 28 00:47:57 ip-172-31-20-215 kernel: ACPI: RSDP 00000000000ea020 00024 (v02    Xen)
Apr 28 00:47:57 ip-172-31-20-215 kernel: ACPI: XSDT 00000000fc00f5a0 00054 (v01    Xen      HVM 00000000 HVML 00000000)
Apr 28 00:47:57 ip-172-31-20-215 kernel: ACPI: FACP 00000000fc00f260 000F4 (v04    Xen      HVM 00000000 HVML 00000000)
Apr 28 00:47:57 ip-172-31-20-215 kernel: ACPI: DSDT 00000000fc0035e0 0BBF6 (v02    Xen      HVM 00000000 INTL 20090123)
Apr 28 00:47:57 ip-172-31-20-215 kernel: ACPI: FACS 00000000fc0035a0 00040
Apr 28 00:47:57 ip-172-31-20-215 kernel: ACPI: APIC 00000000fc00f360 000D8 (v02    Xen      HVM 00000000 HVML 00000000)
Apr 28 00:47:57 ip-172-31-20-215 kernel: ACPI: HPET 00000000fc00f4b0 00038 (v01    Xen      HVM 00000000 HVML 00000000)
Apr 28 00:47:57 ip-172-31-20-215 kernel: ACPI: WAET 00000000fc00f4f0 00028 (v01    Xen      HVM 00000000 HVML 00000000)
Apr 28 00:47:57 ip-172-31-20-215 kernel: ACPI: SSDT 00000000fc00f520 00031 (v02    Xen      HVM 00000000 INTL 20090123)
Apr 28 00:47:57 ip-172-31-20-215 kernel: ACPI: SSDT 00000000fc00f560 00031 (v02    Xen      HVM 00000000 INTL 20090123)
Apr 28 00:47:57 ip-172-31-20-215 kernel: No NUMA configuration found
Apr 28 00:47:57 ip-172-31-20-215 kernel: Faking a node at [mem 0x0000000000000000-0x000000003fffffff]
Apr 28 00:47:57 ip-172-31-20-215 kernel: Initmem setup node 0 [mem 0x00000000-0x3fffffff]
Apr 28 00:47:57 ip-172-31-20-215 kernel:  NODE_DATA [mem 0x3ffd9000-0x3fffffff]
Apr 28 00:47:57 ip-172-31-20-215 kernel: kexec: crashkernel=auto resulted in zero bytes of reserved memory.
Apr 28 00:47:57 ip-172-31-20-215 kernel: Zone ranges:
Apr 28 00:47:57 ip-172-31-20-215 kernel:  DMA      [mem 0x00001000-0x00ffffff]
Apr 28 00:47:57 ip-172-31-20-215 kernel:  DMA32    [mem 0x01000000-0xffffffff]
Apr 28 00:47:57 ip-172-31-20-215 kernel:  Normal   empty
Apr 28 00:47:57 ip-172-31-20-215 kernel: Movable zone start for each node
Apr 28 00:47:57 ip-172-31-20-215 kernel: Early memory node ranges
Apr 28 00:47:57 ip-172-31-20-215 kernel:  node   0: [mem 0x00001000-0x0009dfff]
Apr 28 00:47:57 ip-172-31-20-215 kernel:  node   0: [mem 0x00100000-0x3fffffff]
Apr 28 00:47:57 ip-172-31-20-215 kernel: ACPI: PM-Timer IO Port: 0xb008
Apr 28 00:47:57 ip-172-31-20-215 kernel: ACPI: LAPIC (acpi_id[0x00] lapic_id[0x00] enabled)
Apr 28 00:47:57 ip-172-31-20-215 kernel: ACPI: LAPIC (acpi_id[0x01] lapic_id[0x00] disabled)
Apr 28 00:47:57 ip-172-31-20-215 kernel: ACPI: LAPIC (acpi_id[0x02] lapic_id[0x00] disabled)
Apr 28 00:47:57 ip-172-31-20-215 kernel: ACPI: LAPIC (acpi_id[0x03] lapic_id[0x00] disabled)
Apr 28 00:47:57 ip-172-31-20-215 kernel: ACPI: LAPIC (acpi_id[0x04] lapic_id[0x00] disabled)
Apr 28 00:47:57 ip-172-31-20-215 kernel: ACPI: LAPIC (acpi_id[0x05] lapic_id[0x00] disabled)
Apr 28 00:47:57 ip-172-31-20-215 kernel: ACPI: LAPIC (acpi_id[0x06] lapic_id[0x00] disabled)
Apr 28 00:47:57 ip-172-31-20-215 kernel: ACPI: LAPIC (acpi_id[0x07] lapic_id[0x00] disabled)
Apr 28 00:47:57 ip-172-31-20-215 kernel: ACPI: LAPIC (acpi_id[0x08] lapic_id[0x00] disabled)
Apr 28 00:47:57 ip-172-31-20-215 kernel: ACPI: LAPIC (acpi_id[0x09] lapic_id[0x00] disabled)
Apr 28 00:47:57 ip-172-31-20-215 kernel: ACPI: LAPIC (acpi_id[0x0a] lapic_id[0x00] disabled)
Apr 28 00:47:57 ip-172-31-20-215 kernel: ACPI: LAPIC (acpi_id[0x0b] lapic_id[0x00] disabled)
Apr 28 00:47:57 ip-172-31-20-215 kernel: ACPI: LAPIC (acpi_id[0x0c] lapic_id[0x00] disabled)
Apr 28 00:47:57 ip-172-31-20-215 kernel: ACPI: LAPIC (acpi_id[0x0d] lapic_id[0x00] disabled)
Apr 28 00:47:57 ip-172-31-20-215 kernel: ACPI: LAPIC (acpi_id[0x0e] lapic_id[0x00] disabled)
Apr 28 00:47:57 ip-172-31-20-215 kernel: ACPI: IOAPIC (id[0x01] address[0xfec00000] gsi_base[0])
Apr 28 00:47:57 ip-172-31-20-215 kernel: IOAPIC[0]: apic_id 1, version 17, address 0xfec00000, GSI 0-47
Apr 28 00:47:57 ip-172-31-20-215 kernel: ACPI: INT_SRC_OVR (bus 0 bus_irq 0 global_irq 2 dfl dfl)
Apr 28 00:47:57 ip-172-31-20-215 kernel: ACPI: INT_SRC_OVR (bus 0 bus_irq 5 global_irq 5 low level)
Apr 28 00:47:57 ip-172-31-20-215 kernel: ACPI: INT_SRC_OVR (bus 0 bus_irq 10 global_irq 10 low level)
Apr 28 00:47:57 ip-172-31-20-215 kernel: ACPI: INT_SRC_OVR (bus 0 bus_irq 11 global_irq 11 low level)
Apr 28 00:47:57 ip-172-31-20-215 kernel: Using ACPI (MADT) for SMP configuration information
Apr 28 00:47:57 ip-172-31-20-215 kernel: ACPI: HPET id: 0x8086a201 base: 0xfed00000
Apr 28 00:47:57 ip-172-31-20-215 kernel: smpboot: Allowing 15 CPUs, 14 hotplug CPUs
Apr 28 00:47:57 ip-172-31-20-215 kernel: PM: Registered nosave memory: [mem 0x0009e000-0x0009ffff]
Apr 28 00:47:57 ip-172-31-20-215 kernel: PM: Registered nosave memory: [mem 0x000a0000-0x000dffff]
Apr 28 00:47:57 ip-172-31-20-215 kernel: PM: Registered nosave memory: [mem 0x000e0000-0x000fffff]
Apr 28 00:47:57 ip-172-31-20-215 kernel: e820: [mem 0x40000000-0xfbffffff] available for PCI devices
Apr 28 00:47:57 ip-172-31-20-215 kernel: Booting paravirtualized kernel on Xen HVM
Apr 28 00:47:57 ip-172-31-20-215 kernel: setup_percpu: NR_CPUS:5120 nr_cpumask_bits:15 nr_cpu_ids:15 nr_node_ids:1
Apr 28 00:47:57 ip-172-31-20-215 kernel: PERCPU: Embedded 31 pages/cpu @ffff88003fc00000 s87168 r8192 d31616 u131072
Apr 28 00:47:57 ip-172-31-20-215 kernel: Built 1 zonelists in Node order, mobility grouping on.  Total pages: 257928
Apr 28 00:47:57 ip-172-31-20-215 kernel: Policy zone: DMA32
Apr 28 00:47:57 ip-172-31-20-215 kernel: Kernel command line: BOOT_IMAGE=/boot/vmlinuz-3.10.0-327.13.1.el7.x86_64 root=UUID=ef6ba050-6cdc-416a-9380-c14304d0d206 ro console=tty0 console=ttyS0,115200n8 crashkernel=auto console=ttyS0,115200 LANG=en_US.UTF-8
Apr 28 00:47:57 ip-172-31-20-215 kernel: PID hash table entries: 4096 (order: 3, 32768 bytes)
Apr 28 00:47:57 ip-172-31-20-215 kernel: x86/fpu: xstate_offset[2]: 0240, xstate_sizes[2]: 0100
Apr 28 00:47:57 ip-172-31-20-215 kernel: xsave: enabled xstate_bv 0x7, cntxt size 0x340
Apr 28 00:47:57 ip-172-31-20-215 kernel: AGP: Checking aperture...
Apr 28 00:47:57 ip-172-31-20-215 kernel: AGP: No AGP bridge found
Apr 28 00:47:57 ip-172-31-20-215 kernel: Memory: 978284k/1048576k available (6441k kernel code, 396k absent, 69896k reserved, 4265k data, 1620k init)
Apr 28 00:47:57 ip-172-31-20-215 kernel: SLUB: HWalign=64, Order=0-3, MinObjects=0, CPUs=15, Nodes=1
Apr 28 00:47:57 ip-172-31-20-215 kernel: Hierarchical RCU implementation.
Apr 28 00:47:57 ip-172-31-20-215 kernel: #011RCU restricting CPUs from NR_CPUS=5120 to nr_cpu_ids=15.
Apr 28 00:47:57 ip-172-31-20-215 kernel: #011Offload RCU callbacks from all CPUs
Apr 28 00:47:57 ip-172-31-20-215 kernel: #011Offload RCU callbacks from CPUs: 0-14.
Apr 28 00:47:57 ip-172-31-20-215 kernel: NR_IRQS:327936 nr_irqs:952 0
Apr 28 00:47:57 ip-172-31-20-215 kernel: xen:events: Xen HVM callback vector for event delivery is enabled
Apr 28 00:47:57 ip-172-31-20-215 kernel: Console: colour VGA+ 80x25
Apr 28 00:47:57 ip-172-31-20-215 kernel: console [tty0] enabled
Apr 28 00:47:57 ip-172-31-20-215 kernel: Cannot get hvm parameter CONSOLE_EVTCHN (18): -22!
Apr 28 00:47:57 ip-172-31-20-215 kernel: console [ttyS0] enabled
Apr 28 00:47:57 ip-172-31-20-215 kernel: allocated 4194304 bytes of page_cgroup
Apr 28 00:47:57 ip-172-31-20-215 kernel: please try 'cgroup_disable=memory' option if you don't want memory cgroups
Apr 28 00:47:57 ip-172-31-20-215 kernel: tsc: Detected 2500.054 MHz processor
Apr 28 00:47:57 ip-172-31-20-215 kernel: Calibrating delay loop (skipped), value calculated using timer frequency.. 5000.10 BogoMIPS (lpj=2500054)
Apr 28 00:47:57 ip-172-31-20-215 kernel: pid_max: default: 32768 minimum: 301
Apr 28 00:47:57 ip-172-31-20-215 kernel: Security Framework initialized
Apr 28 00:47:57 ip-172-31-20-215 kernel: SELinux:  Initializing.
Apr 28 00:47:57 ip-172-31-20-215 kernel: Dentry cache hash table entries: 131072 (order: 8, 1048576 bytes)
Apr 28 00:47:57 ip-172-31-20-215 kernel: Inode-cache hash table entries: 65536 (order: 7, 524288 bytes)
Apr 28 00:47:57 ip-172-31-20-215 kernel: Mount-cache hash table entries: 4096
Apr 28 00:47:57 ip-172-31-20-215 kernel: Initializing cgroup subsys memory
Apr 28 00:47:57 ip-172-31-20-215 kernel: Initializing cgroup subsys devices
Apr 28 00:47:57 ip-172-31-20-215 kernel: Initializing cgroup subsys freezer
Apr 28 00:47:57 ip-172-31-20-215 kernel: Initializing cgroup subsys net_cls
Apr 28 00:47:57 ip-172-31-20-215 kernel: Initializing cgroup subsys blkio
Apr 28 00:47:57 ip-172-31-20-215 kernel: Initializing cgroup subsys perf_event
Apr 28 00:47:57 ip-172-31-20-215 kernel: Initializing cgroup subsys hugetlb
Apr 28 00:47:57 ip-172-31-20-215 kernel: CPU: Physical Processor ID: 0
Apr 28 00:47:57 ip-172-31-20-215 kernel: mce: CPU supports 2 MCE banks
Apr 28 00:47:57 ip-172-31-20-215 kernel: Last level iTLB entries: 4KB 512, 2MB 0, 4MB 0#012Last level dTLB entries: 4KB 512, 2MB 0, 4MB 0#012tlb_flushall_shift: 6
Apr 28 00:47:57 ip-172-31-20-215 kernel: ACPI: Core revision 20130517
Apr 28 00:47:57 ip-172-31-20-215 kernel: ACPI: All ACPI Tables successfully acquired
Apr 28 00:47:57 ip-172-31-20-215 kernel: ftrace: allocating 24584 entries in 97 pages
Apr 28 00:47:57 ip-172-31-20-215 kernel: Switched APIC routing to physical flat.
Apr 28 00:47:57 ip-172-31-20-215 kernel: ..TIMER: vector=0x30 apic1=0 pin1=2 apic2=0 pin2=0
Apr 28 00:47:57 ip-172-31-20-215 kernel: smpboot: CPU0: Intel(R) Xeon(R) CPU E5-2670 v2 @ 2.50GHz (fam: 06, model: 3e, stepping: 04)
Apr 28 00:47:57 ip-172-31-20-215 kernel: installing Xen timer for CPU 0
Apr 28 00:47:57 ip-172-31-20-215 kernel: cpu 0 spinlock event irq 53
Apr 28 00:47:57 ip-172-31-20-215 kernel: Performance Events: unsupported p6 CPU model 62 no PMU driver, software events only.
Apr 28 00:47:57 ip-172-31-20-215 kernel: Brought up 1 CPUs
Apr 28 00:47:57 ip-172-31-20-215 kernel: smpboot: Total of 1 processors activated (5000.10 BogoMIPS)
Apr 28 00:47:57 ip-172-31-20-215 kernel: NMI watchdog: disabled (cpu0): hardware events not enabled
Apr 28 00:47:57 ip-172-31-20-215 kernel: devtmpfs: initialized
Apr 28 00:47:57 ip-172-31-20-215 kernel: EVM: security.selinux
Apr 28 00:47:57 ip-172-31-20-215 kernel: EVM: security.ima
Apr 28 00:47:57 ip-172-31-20-215 kernel: EVM: security.capability
Apr 28 00:47:57 ip-172-31-20-215 kernel: atomic64 test passed for x86-64 platform with CX8 and with SSE
Apr 28 00:47:57 ip-172-31-20-215 kernel: NET: Registered protocol family 16
Apr 28 00:47:57 ip-172-31-20-215 kernel: ACPI: bus type PCI registered
Apr 28 00:47:57 ip-172-31-20-215 kernel: acpiphp: ACPI Hot Plug PCI Controller Driver version: 0.5
Apr 28 00:47:57 ip-172-31-20-215 kernel: PCI: Using configuration type 1 for base access
Apr 28 00:47:57 ip-172-31-20-215 kernel: ACPI: Added _OSI(Module Device)
Apr 28 00:47:57 ip-172-31-20-215 kernel: ACPI: Added _OSI(Processor Device)
Apr 28 00:47:57 ip-172-31-20-215 kernel: ACPI: Added _OSI(3.0 _SCP Extensions)
Apr 28 00:47:57 ip-172-31-20-215 kernel: ACPI: Added _OSI(Processor Aggregator Device)
Apr 28 00:47:57 ip-172-31-20-215 kernel: ACPI: Interpreter enabled
Apr 28 00:47:57 ip-172-31-20-215 kernel: ACPI Exception: AE_NOT_FOUND, While evaluating Sleep State [\_S1_] (20130517/hwxface-571)
Apr 28 00:47:57 ip-172-31-20-215 kernel: ACPI Exception: AE_NOT_FOUND, While evaluating Sleep State [\_S2_] (20130517/hwxface-571)
Apr 28 00:47:57 ip-172-31-20-215 kernel: ACPI: (supports S0 S3 S4 S5)
Apr 28 00:47:57 ip-172-31-20-215 kernel: ACPI: Using IOAPIC for interrupt routing
Apr 28 00:47:57 ip-172-31-20-215 kernel: PCI: Using host bridge windows from ACPI; if necessary, use "pci=nocrs" and report a bug
Apr 28 00:47:57 ip-172-31-20-215 kernel: ACPI: PCI Root Bridge [PCI0] (domain 0000 [bus 00-ff])
Apr 28 00:47:57 ip-172-31-20-215 kernel: acpi PNP0A03:00: _OSC: OS supports [ASPM ClockPM Segments MSI]
Apr 28 00:47:57 ip-172-31-20-215 kernel: acpi PNP0A03:00: _OSC failed (AE_NOT_FOUND); disabling ASPM
Apr 28 00:47:57 ip-172-31-20-215 kernel: acpi PNP0A03:00: fail to add MMCONFIG information, can't access extended PCI configuration space under this bridge.
Apr 28 00:47:57 ip-172-31-20-215 kernel: acpiphp: Slot [0] registered
Apr 28 00:47:57 ip-172-31-20-215 kernel: acpiphp: Slot [3] registered
Apr 28 00:47:57 ip-172-31-20-215 kernel: acpiphp: Slot [4] registered
Apr 28 00:47:57 ip-172-31-20-215 kernel: acpiphp: Slot [5] registered
Apr 28 00:47:57 ip-172-31-20-215 kernel: acpiphp: Slot [6] registered
Apr 28 00:47:57 ip-172-31-20-215 kernel: acpiphp: Slot [7] registered
Apr 28 00:47:57 ip-172-31-20-215 kernel: acpiphp: Slot [8] registered
Apr 28 00:47:57 ip-172-31-20-215 kernel: acpiphp: Slot [9] registered
Apr 28 00:47:57 ip-172-31-20-215 kernel: acpiphp: Slot [10] registered
Apr 28 00:47:57 ip-172-31-20-215 kernel: acpiphp: Slot [11] registered
Apr 28 00:47:57 ip-172-31-20-215 kernel: acpiphp: Slot [12] registered
Apr 28 00:47:57 ip-172-31-20-215 kernel: acpiphp: Slot [13] registered
Apr 28 00:47:57 ip-172-31-20-215 kernel: acpiphp: Slot [14] registered
Apr 28 00:47:57 ip-172-31-20-215 kernel: acpiphp: Slot [15] registered
Apr 28 00:47:57 ip-172-31-20-215 kernel: acpiphp: Slot [16] registered
Apr 28 00:47:57 ip-172-31-20-215 kernel: acpiphp: Slot [17] registered
Apr 28 00:47:57 ip-172-31-20-215 kernel: acpiphp: Slot [18] registered
Apr 28 00:47:57 ip-172-31-20-215 kernel: acpiphp: Slot [19] registered
Apr 28 00:47:57 ip-172-31-20-215 kernel: acpiphp: Slot [20] registered
Apr 28 00:47:57 ip-172-31-20-215 kernel: acpiphp: Slot [21] registered
Apr 28 00:47:57 ip-172-31-20-215 kernel: acpiphp: Slot [22] registered
Apr 28 00:47:57 ip-172-31-20-215 kernel: acpiphp: Slot [23] registered
Apr 28 00:47:57 ip-172-31-20-215 kernel: acpiphp: Slot [24] registered
Apr 28 00:47:57 ip-172-31-20-215 kernel: acpiphp: Slot [25] registered
Apr 28 00:47:57 ip-172-31-20-215 kernel: acpiphp: Slot [26] registered
Apr 28 00:47:57 ip-172-31-20-215 kernel: acpiphp: Slot [27] registered
Apr 28 00:47:57 ip-172-31-20-215 kernel: acpiphp: Slot [28] registered
Apr 28 00:47:57 ip-172-31-20-215 kernel: acpiphp: Slot [29] registered
Apr 28 00:47:57 ip-172-31-20-215 kernel: acpiphp: Slot [30] registered
Apr 28 00:47:57 ip-172-31-20-215 kernel: acpiphp: Slot [31] registered
Apr 28 00:47:57 ip-172-31-20-215 kernel: PCI host bridge to bus 0000:00
Apr 28 00:47:57 ip-172-31-20-215 kernel: pci_bus 0000:00: root bus resource [bus 00-ff]
Apr 28 00:47:57 ip-172-31-20-215 kernel: pci_bus 0000:00: root bus resource [io  0x0000-0x0cf7]
Apr 28 00:47:57 ip-172-31-20-215 kernel: pci_bus 0000:00: root bus resource [io  0x0d00-0xffff]
Apr 28 00:47:57 ip-172-31-20-215 kernel: pci_bus 0000:00: root bus resource [mem 0x000a0000-0x000bffff]
Apr 28 00:47:57 ip-172-31-20-215 kernel: pci_bus 0000:00: root bus resource [mem 0xf0000000-0xfbffffff]
Apr 28 00:47:57 ip-172-31-20-215 kernel: pci 0000:00:01.1: legacy IDE quirk: reg 0x10: [io  0x01f0-0x01f7]
Apr 28 00:47:57 ip-172-31-20-215 kernel: pci 0000:00:01.1: legacy IDE quirk: reg 0x14: [io  0x03f6]
Apr 28 00:47:57 ip-172-31-20-215 kernel: pci 0000:00:01.1: legacy IDE quirk: reg 0x18: [io  0x0170-0x0177]
Apr 28 00:47:57 ip-172-31-20-215 kernel: pci 0000:00:01.1: legacy IDE quirk: reg 0x1c: [io  0x0376]
Apr 28 00:47:57 ip-172-31-20-215 kernel: * Found PM-Timer Bug on the chipset. Due to workarounds for a bug,#012* this clock source is slow. Consider trying other clock sources
Apr 28 00:47:57 ip-172-31-20-215 kernel: pci 0000:00:01.3: quirk: [io  0xb000-0xb03f] claimed by PIIX4 ACPI
Apr 28 00:47:57 ip-172-31-20-215 kernel: ACPI: PCI Interrupt Link [LNKA] (IRQs *5 10 11)
Apr 28 00:47:57 ip-172-31-20-215 kernel: ACPI: PCI Interrupt Link [LNKB] (IRQs 5 *10 11)
Apr 28 00:47:57 ip-172-31-20-215 kernel: ACPI: PCI Interrupt Link [LNKC] (IRQs 5 10 *11)
Apr 28 00:47:57 ip-172-31-20-215 kernel: ACPI: PCI Interrupt Link [LNKD] (IRQs *5 10 11)
Apr 28 00:47:57 ip-172-31-20-215 kernel: ACPI: Enabled 2 GPEs in block 00 to 0F
Apr 28 00:47:57 ip-172-31-20-215 kernel: xen:balloon: Initialising balloon driver
Apr 28 00:47:57 ip-172-31-20-215 kernel: xen_balloon: Initialising balloon driver
Apr 28 00:47:57 ip-172-31-20-215 kernel: vgaarb: device added: PCI:0000:00:02.0,decodes=io+mem,owns=io+mem,locks=none
Apr 28 00:47:57 ip-172-31-20-215 kernel: vgaarb: loaded
Apr 28 00:47:57 ip-172-31-20-215 kernel: vgaarb: bridge control possible 0000:00:02.0
Apr 28 00:47:57 ip-172-31-20-215 kernel: SCSI subsystem initialized
Apr 28 00:47:57 ip-172-31-20-215 kernel: ACPI: bus type USB registered
Apr 28 00:47:57 ip-172-31-20-215 kernel: usbcore: registered new interface driver usbfs
Apr 28 00:47:57 ip-172-31-20-215 kernel: usbcore: registered new interface driver hub
Apr 28 00:47:57 ip-172-31-20-215 kernel: usbcore: registered new device driver usb
Apr 28 00:47:57 ip-172-31-20-215 kernel: PCI: Using ACPI for IRQ routing
